../Core/Src/meun.c:64:6:meunInit	16	static
../Core/Src/meun.c:71:6:startScreeen	8	static
../Core/Src/meun.c:80:6:reflowSoldering_select	8	static
../Core/Src/meun.c:88:6:_PID_Auto_Tuning_select	8	static
../Core/Src/meun.c:96:6:_PID_Auto_Tuning_wait	16	static
../Core/Src/meun.c:120:6:_PID_Auto_Tuning_OK	8	static
../Core/Src/meun.c:128:6:_PID_Auto_Tuning_fail	8	static
../Core/Src/meun.c:141:6:reflow_Soliding_process	32	static
../Core/Src/meun.c:160:6:displayMeunHandler	16	static
../Core/Src/meun.c:188:6:selectMeunHandler	16	static
