Archive member included to satisfy reference by file (symbol)

C:/ST/STM32CubeIDE_1.14.1/STM32CubeIDE/plugins/com.st.stm32cube.ide.mcu.externaltools.gnu-tools-for-stm32.11.3.rel1.win32_1.1.100.202309141235/tools/bin/../lib/gcc/arm-none-eabi/11.3.1/../../../../arm-none-eabi/lib/thumb/v7-m/nofp\libc_nano.a(libc_a-exit.o)
                              C:/ST/STM32CubeIDE_1.14.1/STM32CubeIDE/plugins/com.st.stm32cube.ide.mcu.externaltools.gnu-tools-for-stm32.11.3.rel1.win32_1.1.100.202309141235/tools/bin/../lib/gcc/arm-none-eabi/11.3.1/../../../../arm-none-eabi/lib/thumb/v7-m/nofp/crt0.o (exit)
C:/ST/STM32CubeIDE_1.14.1/STM32CubeIDE/plugins/com.st.stm32cube.ide.mcu.externaltools.gnu-tools-for-stm32.11.3.rel1.win32_1.1.100.202309141235/tools/bin/../lib/gcc/arm-none-eabi/11.3.1/../../../../arm-none-eabi/lib/thumb/v7-m/nofp\libc_nano.a(libc_a-itoa.o)
                              ./Core/Src/meun.o (itoa)
C:/ST/STM32CubeIDE_1.14.1/STM32CubeIDE/plugins/com.st.stm32cube.ide.mcu.externaltools.gnu-tools-for-stm32.11.3.rel1.win32_1.1.100.202309141235/tools/bin/../lib/gcc/arm-none-eabi/11.3.1/../../../../arm-none-eabi/lib/thumb/v7-m/nofp\libc_nano.a(libc_a-utoa.o)
                              C:/ST/STM32CubeIDE_1.14.1/STM32CubeIDE/plugins/com.st.stm32cube.ide.mcu.externaltools.gnu-tools-for-stm32.11.3.rel1.win32_1.1.100.202309141235/tools/bin/../lib/gcc/arm-none-eabi/11.3.1/../../../../arm-none-eabi/lib/thumb/v7-m/nofp\libc_nano.a(libc_a-itoa.o) (__utoa)
C:/ST/STM32CubeIDE_1.14.1/STM32CubeIDE/plugins/com.st.stm32cube.ide.mcu.externaltools.gnu-tools-for-stm32.11.3.rel1.win32_1.1.100.202309141235/tools/bin/../lib/gcc/arm-none-eabi/11.3.1/../../../../arm-none-eabi/lib/thumb/v7-m/nofp\libc_nano.a(libc_a-findfp.o)
                              C:/ST/STM32CubeIDE_1.14.1/STM32CubeIDE/plugins/com.st.stm32cube.ide.mcu.externaltools.gnu-tools-for-stm32.11.3.rel1.win32_1.1.100.202309141235/tools/bin/../lib/gcc/arm-none-eabi/11.3.1/../../../../arm-none-eabi/lib/thumb/v7-m/nofp\libc_nano.a(libc_a-exit.o) (__stdio_exit_handler)
C:/ST/STM32CubeIDE_1.14.1/STM32CubeIDE/plugins/com.st.stm32cube.ide.mcu.externaltools.gnu-tools-for-stm32.11.3.rel1.win32_1.1.100.202309141235/tools/bin/../lib/gcc/arm-none-eabi/11.3.1/../../../../arm-none-eabi/lib/thumb/v7-m/nofp\libc_nano.a(libc_a-fwalk.o)
                              C:/ST/STM32CubeIDE_1.14.1/STM32CubeIDE/plugins/com.st.stm32cube.ide.mcu.externaltools.gnu-tools-for-stm32.11.3.rel1.win32_1.1.100.202309141235/tools/bin/../lib/gcc/arm-none-eabi/11.3.1/../../../../arm-none-eabi/lib/thumb/v7-m/nofp\libc_nano.a(libc_a-findfp.o) (_fwalk_sglue)
C:/ST/STM32CubeIDE_1.14.1/STM32CubeIDE/plugins/com.st.stm32cube.ide.mcu.externaltools.gnu-tools-for-stm32.11.3.rel1.win32_1.1.100.202309141235/tools/bin/../lib/gcc/arm-none-eabi/11.3.1/../../../../arm-none-eabi/lib/thumb/v7-m/nofp\libc_nano.a(libc_a-stdio.o)
                              C:/ST/STM32CubeIDE_1.14.1/STM32CubeIDE/plugins/com.st.stm32cube.ide.mcu.externaltools.gnu-tools-for-stm32.11.3.rel1.win32_1.1.100.202309141235/tools/bin/../lib/gcc/arm-none-eabi/11.3.1/../../../../arm-none-eabi/lib/thumb/v7-m/nofp\libc_nano.a(libc_a-findfp.o) (__sread)
C:/ST/STM32CubeIDE_1.14.1/STM32CubeIDE/plugins/com.st.stm32cube.ide.mcu.externaltools.gnu-tools-for-stm32.11.3.rel1.win32_1.1.100.202309141235/tools/bin/../lib/gcc/arm-none-eabi/11.3.1/../../../../arm-none-eabi/lib/thumb/v7-m/nofp\libc_nano.a(libc_a-memset.o)
                              C:/ST/STM32CubeIDE_1.14.1/STM32CubeIDE/plugins/com.st.stm32cube.ide.mcu.externaltools.gnu-tools-for-stm32.11.3.rel1.win32_1.1.100.202309141235/tools/bin/../lib/gcc/arm-none-eabi/11.3.1/../../../../arm-none-eabi/lib/thumb/v7-m/nofp/crt0.o (memset)
C:/ST/STM32CubeIDE_1.14.1/STM32CubeIDE/plugins/com.st.stm32cube.ide.mcu.externaltools.gnu-tools-for-stm32.11.3.rel1.win32_1.1.100.202309141235/tools/bin/../lib/gcc/arm-none-eabi/11.3.1/../../../../arm-none-eabi/lib/thumb/v7-m/nofp\libc_nano.a(libc_a-closer.o)
                              C:/ST/STM32CubeIDE_1.14.1/STM32CubeIDE/plugins/com.st.stm32cube.ide.mcu.externaltools.gnu-tools-for-stm32.11.3.rel1.win32_1.1.100.202309141235/tools/bin/../lib/gcc/arm-none-eabi/11.3.1/../../../../arm-none-eabi/lib/thumb/v7-m/nofp\libc_nano.a(libc_a-stdio.o) (_close_r)
C:/ST/STM32CubeIDE_1.14.1/STM32CubeIDE/plugins/com.st.stm32cube.ide.mcu.externaltools.gnu-tools-for-stm32.11.3.rel1.win32_1.1.100.202309141235/tools/bin/../lib/gcc/arm-none-eabi/11.3.1/../../../../arm-none-eabi/lib/thumb/v7-m/nofp\libc_nano.a(libc_a-reent.o)
                              C:/ST/STM32CubeIDE_1.14.1/STM32CubeIDE/plugins/com.st.stm32cube.ide.mcu.externaltools.gnu-tools-for-stm32.11.3.rel1.win32_1.1.100.202309141235/tools/bin/../lib/gcc/arm-none-eabi/11.3.1/../../../../arm-none-eabi/lib/thumb/v7-m/nofp\libc_nano.a(libc_a-closer.o) (errno)
[...]
Memory Configuration

Name             Origin             Length             Attributes
RAM              0x0000000020000000 0x0000000000005000 xrw
FLASH            0x0000000008000000 0x0000000000010000 xr
*default*        0x0000000000000000 0xffffffffffffffff

Linker script and memory map

LOAD C:/ST/STM32CubeIDE_1.14.1/STM32CubeIDE/plugins/com.st.stm32cube.ide.mcu.externaltools.gnu-tools-for-stm32.11.3.rel1.win32_1.1.100.202309141235/tools/bin/../lib/gcc/arm-none-eabi/11.3.1/thumb/v7-m/nofp/crti.o
LOAD C:/ST/STM32CubeIDE_1.14.1/STM32CubeIDE/plugins/com.st.stm32cube.ide.mcu.externaltools.gnu-tools-for-stm32.11.3.rel1.win32_1.1.100.202309141235/tools/bin/../lib/gcc/arm-none-eabi/11.3.1/thumb/v7-m/nofp/crtbegin.o
LOAD C:/ST/STM32CubeIDE_1.14.1/STM32CubeIDE/plugins/com.st.stm32cube.ide.mcu.externaltools.gnu-tools-for-stm32.11.3.rel1.win32_1.1.100.202309141235/tools/bin/../lib/gcc/arm-none-eabi/11.3.1/../../../../arm-none-eabi/lib/thumb/v7-m/nofp/crt0.o
LOAD ./Core/Src/NTCtempSensor.o
LOAD ./Core/Src/adc.o
LOAD ./Core/Src/dma.o
LOAD ./Core/Src/encoder.o
LOAD ./Core/Src/gpio.o
LOAD ./Core/Src/i2c.o
LOAD ./Core/Src/liquidcrystal_i2c.o
LOAD ./Core/Src/main.o
LOAD ./Core/Src/meun.o
LOAD ./Core/Src/stm32f1xx_hal_msp.o
LOAD ./Core/Src/stm32f1xx_it.o
LOAD ./Core/Src/syscalls.o
LOAD ./Core/Src/sysmem.o
LOAD ./Core/Src/system_stm32f1xx.o
LOAD ./Core/Src/tim.o
LOAD ./Core/Startup/startup_stm32f103c8tx.o
LOAD ./Drivers/STM32F1xx_HAL_Driver/Src/stm32f1xx_hal.o
LOAD ./Drivers/STM32F1xx_HAL_Driver/Src/stm32f1xx_hal_adc.o
LOAD ./Drivers/STM32F1xx_HAL_Driver/Src/stm32f1xx_hal_adc_ex.o
LOAD ./Drivers/STM32F1xx_HAL_Driver/Src/stm32f1xx_hal_cortex.o
LOAD ./Drivers/STM32F1xx_HAL_Driver/Src/stm32f1xx_hal_dma.o
LOAD ./Drivers/STM32F1xx_HAL_Driver/Src/stm32f1xx_hal_exti.o
LOAD ./Drivers/STM32F1xx_HAL_Driver/Src/stm32f1xx_hal_flash.o
LOAD ./Drivers/STM32F1xx_HAL_Driver/Src/stm32f1xx_hal_flash_ex.o
LOAD ./Drivers/STM32F1xx_HAL_Driver/Src/stm32f1xx_hal_gpio.o
LOAD ./Drivers/STM32F1xx_HAL_Driver/Src/stm32f1xx_hal_gpio_ex.o
LOAD ./Drivers/STM32F1xx_HAL_Driver/Src/stm32f1xx_hal_i2c.o
LOAD ./Drivers/STM32F1xx_HAL_Driver/Src/stm32f1xx_hal_pwr.o
LOAD ./Drivers/STM32F1xx_HAL_Driver/Src/stm32f1xx_hal_rcc.o
LOAD ./Drivers/STM32F1xx_HAL_Driver/Src/stm32f1xx_hal_rcc_ex.o
LOAD ./Drivers/STM32F1xx_HAL_Driver/Src/stm32f1xx_hal_tim.o
LOAD ./Drivers/STM32F1xx_HAL_Driver/Src/stm32f1xx_hal_tim_ex.o
START GROUP
LOAD C:/ST/STM32CubeIDE_1.14.1/STM32CubeIDE/plugins/com.st.stm32cube.ide.mcu.externaltools.gnu-tools-for-stm32.11.3.rel1.win32_1.1.100.202309141235/tools/bin/../lib/gcc/arm-none-eabi/11.3.1/../../../../arm-none-eabi/lib/thumb/v7-m/nofp\libc_nano.a
LOAD C:/ST/STM32CubeIDE_1.14.1/STM32CubeIDE/plugins/com.st.stm32cube.ide.mcu.externaltools.gnu-tools-for-stm32.11.3.rel1.win32_1.1.100.202309141235/tools/bin/../lib/gcc/arm-none-eabi/11.3.1/../../../../arm-none-eabi/lib/thumb/v7-m/nofp\libm.a
END GROUP
START GROUP
LOAD C:/ST/STM32CubeIDE_1.14.1/STM32CubeIDE/plugins/com.st.stm32cube.ide.mcu.externaltools.gnu-tools-for-stm32.11.3.rel1.win32_1.1.100.202309141235/tools/bin/../lib/gcc/arm-none-eabi/11.3.1/thumb/v7-m/nofp\libgcc.a
LOAD C:/ST/STM32CubeIDE_1.14.1/STM32CubeIDE/plugins/com.st.stm32cube.ide.mcu.externaltools.gnu-tools-for-stm32.11.3.rel1.win32_1.1.100.202309141235/tools/bin/../lib/gcc/arm-none-eabi/11.3.1/../../../../arm-none-eabi/lib/thumb/v7-m/nofp\libc_nano.a
END GROUP
START GROUP
LOAD C:/ST/STM32CubeIDE_1.14.1/STM32CubeIDE/plugins/com.st.stm32cube.ide.mcu.externaltools.gnu-tools-for-stm32.11.3.rel1.win32_1.1.100.202309141235/tools/bin/../lib/gcc/arm-none-eabi/11.3.1/thumb/v7-m/nofp\libgcc.a
LOAD C:/ST/STM32CubeIDE_1.14.1/STM32CubeIDE/plugins/com.st.stm32cube.ide.mcu.externaltools.gnu-tools-for-stm32.11.3.rel1.win32_1.1.100.202309141235/tools/bin/../lib/gcc/arm-none-eabi/11.3.1/../../../../arm-none-eabi/lib/thumb/v7-m/nofp\libc_nano.a
LOAD C:/ST/STM32CubeIDE_1.14.1/STM32CubeIDE/plugins/com.st.stm32cube.ide.mcu.externaltools.gnu-tools-for-stm32.11.3.rel1.win32_1.1.100.202309141235/tools/bin/../lib/gcc/arm-none-eabi/11.3.1/../../../../arm-none-eabi/lib/thumb/v7-m/nofp\libnosys.a
END GROUP
START GROUP
LOAD C:/ST/STM32CubeIDE_1.14.1/STM32CubeIDE/plugins/com.st.stm32cube.ide.mcu.externaltools.gnu-tools-for-stm32.11.3.rel1.win32_1.1.100.202309141235/tools/bin/../lib/gcc/arm-none-eabi/11.3.1/thumb/v7-m/nofp\libgcc.a
LOAD C:/ST/STM32CubeIDE_1.14.1/STM32CubeIDE/plugins/com.st.stm32cube.ide.mcu.externaltools.gnu-tools-for-stm32.11.3.rel1.win32_1.1.100.202309141235/tools/bin/../lib/gcc/arm-none-eabi/11.3.1/../../../../arm-none-eabi/lib/thumb/v7-m/nofp\libc_nano.a
LOAD C:/ST/STM32CubeIDE_1.14.1/STM32CubeIDE/plugins/com.st.stm32cube.ide.mcu.externaltools.gnu-tools-for-stm32.11.3.rel1.win32_1.1.100.202309141235/tools/bin/../lib/gcc/arm-none-eabi/11.3.1/../../../../arm-none-eabi/lib/thumb/v7-m/nofp\libnosys.a
END GROUP
LOAD C:/ST/STM32CubeIDE_1.14.1/STM32CubeIDE/plugins/com.st.stm32cube.ide.mcu.externaltools.gnu-tools-for-stm32.11.3.rel1.win32_1.1.100.202309141235/tools/bin/../lib/gcc/arm-none-eabi/11.3.1/thumb/v7-m/nofp/crtend.o
LOAD C:/ST/STM32CubeIDE_1.14.1/STM32CubeIDE/plugins/com.st.stm32cube.ide.mcu.externaltools.gnu-tools-for-stm32.11.3.rel1.win32_1.1.100.202309141235/tools/bin/../lib/gcc/arm-none-eabi/11.3.1/thumb/v7-m/nofp/crtn.o
                0x0000000020005000                _estack = (ORIGIN (RAM) + LENGTH (RAM))
                0x0000000000000200                _Min_Heap_Size = 0x200
                0x0000000000000400                _Min_Stack_Size = 0x400

.isr_vector     0x0000000008000000      0x10c
                0x0000000008000000                . = ALIGN (0x4)
 *(.isr_vector)
 .isr_vector    0x0000000008000000      0x10c ./Core/Startup/startup_stm32f103c8tx.o
                0x0000000008000000                g_pfnVectors
                0x000000000800010c                . = ALIGN (0x4)

.text           0x0000000008000110     0x5924
                0x0000000008000110                . = ALIGN (0x4)
 *(.text)
 .text          0x0000000008000110       0x40 C:/ST/STM32CubeIDE_1.14.1/STM32CubeIDE/plugins/com.st.stm32cube.ide.mcu.externaltools.gnu-tools-for-stm32.11.3.rel1.win32_1.1.100.202309141235/tools/bin/../lib/gcc/arm-none-eabi/11.3.1/thumb/v7-m/nofp/crtbegin.o
 .text          0x0000000008000150      0x378 C:/ST/STM32CubeIDE_1.14.1/STM32CubeIDE/plugins/com.st.stm32cube.ide.mcu.externaltools.gnu-tools-for-stm32.11.3.rel1.win32_1.1.100.202309141235/tools/bin/../lib/gcc/arm-none-eabi/11.3.1/thumb/v7-m/nofp\libgcc.a(_arm_addsubdf3.o)
                0x0000000008000150                __aeabi_drsub
                0x0000000008000158                __aeabi_dsub
                0x0000000008000158                __subdf3
                0x000000000800015c                __aeabi_dadd
                0x000000000800015c                __adddf3
                0x00000000080003d4                __floatunsidf
                0x00000000080003d4                __aeabi_ui2d
                0x00000000080003f4                __floatsidf
                0x00000000080003f4                __aeabi_i2d
                0x0000000008000418                __aeabi_f2d
                0x0000000008000418                __extendsfdf2
                0x000000000800045c                __floatundidf
                0x000000000800045c                __aeabi_ul2d
                0x000000000800046c                __floatdidf
                0x000000000800046c                __aeabi_l2d
 .text          0x00000000080004c8      0x424 C:/ST/STM32CubeIDE_1.14.1/STM32CubeIDE/plugins/com.st.stm32cube.ide.mcu.externaltools.gnu-tools-for-stm32.11.3.rel1.win32_1.1.100.202309141235/tools/bin/../lib/gcc/arm-none-eabi/11.3.1/thumb/v7-m/nofp\libgcc.a(_arm_muldivdf3.o)
                0x00000000080004c8                __aeabi_dmul
                0x00000000080004c8                __muldf3
                0x000000000800071c                __divdf3
                0x000000000800071c                __aeabi_ddiv
 .text          0x00000000080008ec      0x110 C:/ST/STM32CubeIDE_1.14.1/STM32CubeIDE/plugins/com.st.stm32cube.ide.mcu.externaltools.gnu-tools-for-stm32.11.3.rel1.win32_1.1.100.202309141235/tools/bin/../lib/gcc/arm-none-eabi/11.3.1/thumb/v7-m/nofp\libgcc.a(_arm_cmpdf2.o)
                0x00000000080008ec                __gtdf2
                0x00000000080008ec                __gedf2
                0x00000000080008f4                __ltdf2
                0x00000000080008f4                __ledf2
                0x00000000080008fc                __nedf2
                0x00000000080008fc                __eqdf2
                0x00000000080008fc                __cmpdf2
                0x0000000008000978                __aeabi_cdrcmple
                0x0000000008000988                __aeabi_cdcmpeq
                0x0000000008000988                __aeabi_cdcmple
                0x0000000008000998                __aeabi_dcmpeq
                0x00000000080009ac                __aeabi_dcmplt
                0x00000000080009c0                __aeabi_dcmple
                0x00000000080009d4                __aeabi_dcmpge
                0x00000000080009e8                __aeabi_dcmpgt
 .text          0x00000000080009fc       0xa0 C:/ST/STM32CubeIDE_1.14.1/STM32CubeIDE/plugins/com.st.stm32cube.ide.mcu.externaltools.gnu-tools-for-stm32.11.3.rel1.win32_1.1.100.202309141235/tools/bin/../lib/gcc/arm-none-eabi/11.3.1/thumb/v7-m/nofp\libgcc.a(_arm_truncdfsf2.o)
                0x00000000080009fc                __truncdfsf2
                0x00000000080009fc                __aeabi_d2f
 *(.text*)
 .text.getTableNum
                0x0000000008000a9c       0x58 ./Core/Src/NTCtempSensor.o
                0x0000000008000a9c                getTableNum
 *fill*         0x0000000008000af4        0x4 
 .text.calTemp  0x0000000008000af8      0x1cc ./Core/Src/NTCtempSensor.o
                0x0000000008000af8                calTemp
 .text.MX_ADC1_Init
                0x0000000008000cc4       0xc8 ./Core/Src/adc.o
                0x0000000008000cc4                MX_ADC1_Init
 .text.HAL_ADC_MspInit
                0x0000000008000d8c       0xe0 ./Core/Src/adc.o
                0x0000000008000d8c                HAL_ADC_MspInit
 .text.MX_DMA_Init
                0x0000000008000e6c       0x3c ./Core/Src/dma.o
                0x0000000008000e6c                MX_DMA_Init
 .text.btnState
                0x0000000008000ea8       0x58 ./Core/Src/encoder.o
                0x0000000008000ea8                btnState
 .text.encoderState
                0x0000000008000f00       0x54 ./Core/Src/encoder.o
                0x0000000008000f00                encoderState
 .text.MX_GPIO_Init
                0x0000000008000f54       0xac ./Core/Src/gpio.o
                0x0000000008000f54                MX_GPIO_Init
 .text.MX_I2C1_Init
                0x0000000008001000       0x5c ./Core/Src/i2c.o
                0x0000000008001000                MX_I2C1_Init
 .text.HAL_I2C_MspInit
                0x000000000800105c       0xa0 ./Core/Src/i2c.o
                0x000000000800105c                HAL_I2C_MspInit
 .text.HD44780_Init
                0x00000000080010fc      0x108 ./Core/Src/liquidcrystal_i2c.o
                0x00000000080010fc                HD44780_Init
 .text.HD44780_Clear
                0x0000000008001204       0x16 ./Core/Src/liquidcrystal_i2c.o
                0x0000000008001204                HD44780_Clear
 .text.HD44780_Home
                0x000000000800121a       0x16 ./Core/Src/liquidcrystal_i2c.o
                0x000000000800121a                HD44780_Home
 .text.HD44780_SetCursor
                0x0000000008001230       0x64 ./Core/Src/liquidcrystal_i2c.o
                0x0000000008001230                HD44780_SetCursor
 .text.HD44780_NoDisplay
                0x0000000008001294       0x2c ./Core/Src/liquidcrystal_i2c.o
                0x0000000008001294                HD44780_NoDisplay
 .text.HD44780_Display
                0x00000000080012c0       0x2c ./Core/Src/liquidcrystal_i2c.o
                0x00000000080012c0                HD44780_Display
 .text.HD44780_Cursor
                0x00000000080012ec       0x2c ./Core/Src/liquidcrystal_i2c.o
                0x00000000080012ec                HD44780_Cursor
 .text.HD44780_CreateSpecialChar
                0x0000000008001318       0x52 ./Core/Src/liquidcrystal_i2c.o
                0x0000000008001318                HD44780_CreateSpecialChar
 .text.HD44780_PrintSpecialChar
                0x000000000800136a       0x1a ./Core/Src/liquidcrystal_i2c.o
                0x000000000800136a                HD44780_PrintSpecialChar
 .text.HD44780_PrintStr
                0x0000000008001384       0x2a ./Core/Src/liquidcrystal_i2c.o
                0x0000000008001384                HD44780_PrintStr
 .text.SendCommand
                0x00000000080013ae       0x1c ./Core/Src/liquidcrystal_i2c.o
 .text.SendChar
                0x00000000080013ca       0x1c ./Core/Src/liquidcrystal_i2c.o
 .text.Send     0x00000000080013e6       0x42 ./Core/Src/liquidcrystal_i2c.o
 .text.Write4Bits
                0x0000000008001428       0x22 ./Core/Src/liquidcrystal_i2c.o
 *fill*         0x000000000800144a        0x2 
 .text.ExpanderWrite
                0x000000000800144c       0x38 ./Core/Src/liquidcrystal_i2c.o
 .text.PulseEnable
                0x0000000008001484       0x3a ./Core/Src/liquidcrystal_i2c.o
 *fill*         0x00000000080014be        0x2 
 .text.DelayInit
                0x00000000080014c0       0x50 ./Core/Src/liquidcrystal_i2c.o
 .text.DelayUS  0x0000000008001510       0x4c ./Core/Src/liquidcrystal_i2c.o
 .text.main     0x000000000800155c      0x11c ./Core/Src/main.o
                0x000000000800155c                main
 .text.SystemClock_Config
                0x0000000008001678       0xb6 ./Core/Src/main.o
                0x0000000008001678                SystemClock_Config
 *fill*         0x000000000800172e        0x2 
 .text.HAL_TIM_PeriodElapsedCallback
                0x0000000008001730       0x38 ./Core/Src/main.o
                0x0000000008001730                HAL_TIM_PeriodElapsedCallback
 .text.Error_Handler
                0x0000000008001768        0xa ./Core/Src/main.o
                0x0000000008001768                Error_Handler
 .text.meunInit
                0x0000000008001772       0x2c ./Core/Src/meun.o
                0x0000000008001772                meunInit
 *fill*         0x000000000800179e        0x2 
 .text.startScreeen
                0x00000000080017a0       0x30 ./Core/Src/meun.o
                0x00000000080017a0                startScreeen
 .text.standby_page
                0x00000000080017d0       0x90 ./Core/Src/meun.o
                0x00000000080017d0                standby_page
 .text.heating_page
                0x0000000008001860       0x90 ./Core/Src/meun.o
                0x0000000008001860                heating_page
 .text.displayMeunHandler
                0x00000000080018f0       0x50 ./Core/Src/meun.o
                0x00000000080018f0                displayMeunHandler
 .text.selectMeunHandler
                0x0000000008001940       0x9c ./Core/Src/meun.o
                0x0000000008001940                selectMeunHandler
 .text.HAL_MspInit
                0x00000000080019dc       0x64 ./Core/Src/stm32f1xx_hal_msp.o
                0x00000000080019dc                HAL_MspInit
 .text.NMI_Handler
                0x0000000008001a40        0x6 ./Core/Src/stm32f1xx_it.o
                0x0000000008001a40                NMI_Handler
 .text.HardFault_Handler
                0x0000000008001a46        0x6 ./Core/Src/stm32f1xx_it.o
                0x0000000008001a46                HardFault_Handler
 .text.MemManage_Handler
                0x0000000008001a4c        0x6 ./Core/Src/stm32f1xx_it.o
                0x0000000008001a4c                MemManage_Handler
 .text.BusFault_Handler
                0x0000000008001a52        0x6 ./Core/Src/stm32f1xx_it.o
                0x0000000008001a52                BusFault_Handler
 .text.UsageFault_Handler
                0x0000000008001a58        0x6 ./Core/Src/stm32f1xx_it.o
                0x0000000008001a58                UsageFault_Handler
 .text.SVC_Handler
                0x0000000008001a5e        0xc ./Core/Src/stm32f1xx_it.o
                0x0000000008001a5e                SVC_Handler
 .text.DebugMon_Handler
                0x0000000008001a6a        0xc ./Core/Src/stm32f1xx_it.o
                0x0000000008001a6a                DebugMon_Handler
 .text.PendSV_Handler
                0x0000000008001a76        0xc ./Core/Src/stm32f1xx_it.o
                0x0000000008001a76                PendSV_Handler
 .text.SysTick_Handler
                0x0000000008001a82        0xc ./Core/Src/stm32f1xx_it.o
                0x0000000008001a82                SysTick_Handler
 *fill*         0x0000000008001a8e        0x2 
 .text.DMA1_Channel1_IRQHandler
                0x0000000008001a90       0x14 ./Core/Src/stm32f1xx_it.o
                0x0000000008001a90                DMA1_Channel1_IRQHandler
 .text.ADC1_2_IRQHandler
                0x0000000008001aa4       0x14 ./Core/Src/stm32f1xx_it.o
                0x0000000008001aa4                ADC1_2_IRQHandler
 .text.TIM2_IRQHandler
                0x0000000008001ab8       0x14 ./Core/Src/stm32f1xx_it.o
                0x0000000008001ab8                TIM2_IRQHandler
 .text.SystemInit
                0x0000000008001acc        0xc ./Core/Src/system_stm32f1xx.o
                0x0000000008001acc                SystemInit
 .text.MX_TIM2_Init
                0x0000000008001ad8       0x98 ./Core/Src/tim.o
                0x0000000008001ad8                MX_TIM2_Init
 .text.MX_TIM3_Init
                0x0000000008001b70       0xc8 ./Core/Src/tim.o
                0x0000000008001b70                MX_TIM3_Init
 .text.MX_TIM4_Init
                0x0000000008001c38       0xa8 ./Core/Src/tim.o
                0x0000000008001c38                MX_TIM4_Init
 .text.HAL_TIM_Base_MspInit
                0x0000000008001ce0       0x48 ./Core/Src/tim.o
                0x0000000008001ce0                HAL_TIM_Base_MspInit
 .text.HAL_TIM_PWM_MspInit
                0x0000000008001d28       0x3c ./Core/Src/tim.o
                0x0000000008001d28                HAL_TIM_PWM_MspInit
 .text.HAL_TIM_Encoder_MspInit
                0x0000000008001d64       0x7c ./Core/Src/tim.o
                0x0000000008001d64                HAL_TIM_Encoder_MspInit
 .text.HAL_TIM_MspPostInit
                0x0000000008001de0       0x64 ./Core/Src/tim.o
                0x0000000008001de0                HAL_TIM_MspPostInit
 .text.Reset_Handler
                0x0000000008001e44       0x48 ./Core/Startup/startup_stm32f103c8tx.o
                0x0000000008001e44                Reset_Handler
 .text.Default_Handler
                0x0000000008001e8c        0x2 ./Core/Startup/startup_stm32f103c8tx.o
                0x0000000008001e8c                RTC_Alarm_IRQHandler
                0x0000000008001e8c                EXTI2_IRQHandler
                0x0000000008001e8c                TIM1_CC_IRQHandler
                0x0000000008001e8c                PVD_IRQHandler
                0x0000000008001e8c                EXTI3_IRQHandler
                0x0000000008001e8c                EXTI0_IRQHandler
                0x0000000008001e8c                I2C2_EV_IRQHandler
                0x0000000008001e8c                SPI1_IRQHandler
                0x0000000008001e8c                TAMPER_IRQHandler
                0x0000000008001e8c                DMA1_Channel4_IRQHandler
                0x0000000008001e8c                USART3_IRQHandler
                0x0000000008001e8c                RTC_IRQHandler
                0x0000000008001e8c                DMA1_Channel7_IRQHandler
                0x0000000008001e8c                CAN1_RX1_IRQHandler
                0x0000000008001e8c                TIM4_IRQHandler
                0x0000000008001e8c                I2C1_EV_IRQHandler
                0x0000000008001e8c                DMA1_Channel6_IRQHandler
                0x0000000008001e8c                TIM3_IRQHandler
                0x0000000008001e8c                RCC_IRQHandler
                0x0000000008001e8c                TIM1_TRG_COM_IRQHandler
                0x0000000008001e8c                Default_Handler
                0x0000000008001e8c                EXTI15_10_IRQHandler
                0x0000000008001e8c                EXTI9_5_IRQHandler
                0x0000000008001e8c                SPI2_IRQHandler
                0x0000000008001e8c                DMA1_Channel5_IRQHandler
                0x0000000008001e8c                EXTI4_IRQHandler
                0x0000000008001e8c                USB_LP_CAN1_RX0_IRQHandler
                0x0000000008001e8c                USB_HP_CAN1_TX_IRQHandler
                0x0000000008001e8c                DMA1_Channel3_IRQHandler
                0x0000000008001e8c                TIM1_UP_IRQHandler
                0x0000000008001e8c                WWDG_IRQHandler
                0x0000000008001e8c                TIM1_BRK_IRQHandler
                0x0000000008001e8c                EXTI1_IRQHandler
                0x0000000008001e8c                USART2_IRQHandler
                0x0000000008001e8c                I2C2_ER_IRQHandler
                0x0000000008001e8c                DMA1_Channel2_IRQHandler
                0x0000000008001e8c                CAN1_SCE_IRQHandler
                0x0000000008001e8c                FLASH_IRQHandler
                0x0000000008001e8c                USART1_IRQHandler
                0x0000000008001e8c                I2C1_ER_IRQHandler
                0x0000000008001e8c                USBWakeUp_IRQHandler
 *fill*         0x0000000008001e8e        0x2 
 .text.HAL_Init
                0x0000000008001e90       0x2c ./Drivers/STM32F1xx_HAL_Driver/Src/stm32f1xx_hal.o
                0x0000000008001e90                HAL_Init
 .text.HAL_InitTick
                0x0000000008001ebc       0x60 ./Drivers/STM32F1xx_HAL_Driver/Src/stm32f1xx_hal.o
                0x0000000008001ebc                HAL_InitTick
 .text.HAL_IncTick
                0x0000000008001f1c       0x24 ./Drivers/STM32F1xx_HAL_Driver/Src/stm32f1xx_hal.o
                0x0000000008001f1c                HAL_IncTick
 .text.HAL_GetTick
                0x0000000008001f40       0x14 ./Drivers/STM32F1xx_HAL_Driver/Src/stm32f1xx_hal.o
                0x0000000008001f40                HAL_GetTick
 .text.HAL_Delay
                0x0000000008001f54       0x48 ./Drivers/STM32F1xx_HAL_Driver/Src/stm32f1xx_hal.o
                0x0000000008001f54                HAL_Delay
 .text.HAL_ADC_Init
                0x0000000008001f9c      0x1b0 ./Drivers/STM32F1xx_HAL_Driver/Src/stm32f1xx_hal_adc.o
                0x0000000008001f9c                HAL_ADC_Init
 .text.HAL_ADC_Start_DMA
                0x000000000800214c      0x1bc ./Drivers/STM32F1xx_HAL_Driver/Src/stm32f1xx_hal_adc.o
                0x000000000800214c                HAL_ADC_Start_DMA
 .text.HAL_ADC_IRQHandler
                0x0000000008002308      0x17e ./Drivers/STM32F1xx_HAL_Driver/Src/stm32f1xx_hal_adc.o
                0x0000000008002308                HAL_ADC_IRQHandler
 .text.HAL_ADC_ConvCpltCallback
                0x0000000008002486       0x12 ./Drivers/STM32F1xx_HAL_Driver/Src/stm32f1xx_hal_adc.o
                0x0000000008002486                HAL_ADC_ConvCpltCallback
 .text.HAL_ADC_ConvHalfCpltCallback
                0x0000000008002498       0x12 ./Drivers/STM32F1xx_HAL_Driver/Src/stm32f1xx_hal_adc.o
                0x0000000008002498                HAL_ADC_ConvHalfCpltCallback
 .text.HAL_ADC_LevelOutOfWindowCallback
                0x00000000080024aa       0x12 ./Drivers/STM32F1xx_HAL_Driver/Src/stm32f1xx_hal_adc.o
                0x00000000080024aa                HAL_ADC_LevelOutOfWindowCallback
 .text.HAL_ADC_ErrorCallback
                0x00000000080024bc       0x12 ./Drivers/STM32F1xx_HAL_Driver/Src/stm32f1xx_hal_adc.o
                0x00000000080024bc                HAL_ADC_ErrorCallback
 *fill*         0x00000000080024ce        0x2 
 .text.HAL_ADC_ConfigChannel
                0x00000000080024d0      0x1f0 ./Drivers/STM32F1xx_HAL_Driver/Src/stm32f1xx_hal_adc.o
                0x00000000080024d0                HAL_ADC_ConfigChannel
 .text.ADC_Enable
                0x00000000080026c0       0xb4 ./Drivers/STM32F1xx_HAL_Driver/Src/stm32f1xx_hal_adc.o
                0x00000000080026c0                ADC_Enable
 .text.ADC_ConversionStop_Disable
                0x0000000008002774       0x82 ./Drivers/STM32F1xx_HAL_Driver/Src/stm32f1xx_hal_adc.o
                0x0000000008002774                ADC_ConversionStop_Disable
 .text.ADC_DMAConvCplt
                0x00000000080027f6       0x7c ./Drivers/STM32F1xx_HAL_Driver/Src/stm32f1xx_hal_adc.o
                0x00000000080027f6                ADC_DMAConvCplt
 .text.ADC_DMAHalfConvCplt
                0x0000000008002872       0x1c ./Drivers/STM32F1xx_HAL_Driver/Src/stm32f1xx_hal_adc.o
                0x0000000008002872                ADC_DMAHalfConvCplt
 .text.ADC_DMAError
                0x000000000800288e       0x34 ./Drivers/STM32F1xx_HAL_Driver/Src/stm32f1xx_hal_adc.o
                0x000000000800288e                ADC_DMAError
 .text.HAL_ADCEx_InjectedConvCpltCallback
                0x00000000080028c2       0x12 ./Drivers/STM32F1xx_HAL_Driver/Src/stm32f1xx_hal_adc_ex.o
                0x00000000080028c2                HAL_ADCEx_InjectedConvCpltCallback
 .text.HAL_ADCEx_InjectedConfigChannel
                0x00000000080028d4      0x334 ./Drivers/STM32F1xx_HAL_Driver/Src/stm32f1xx_hal_adc_ex.o
                0x00000000080028d4                HAL_ADCEx_InjectedConfigChannel
 .text.__NVIC_SetPriorityGrouping
                0x0000000008002c08       0x48 ./Drivers/STM32F1xx_HAL_Driver/Src/stm32f1xx_hal_cortex.o
 .text.__NVIC_GetPriorityGrouping
                0x0000000008002c50       0x1c ./Drivers/STM32F1xx_HAL_Driver/Src/stm32f1xx_hal_cortex.o
 .text.__NVIC_EnableIRQ
                0x0000000008002c6c       0x38 ./Drivers/STM32F1xx_HAL_Driver/Src/stm32f1xx_hal_cortex.o
 .text.__NVIC_SetPriority
                0x0000000008002ca4       0x54 ./Drivers/STM32F1xx_HAL_Driver/Src/stm32f1xx_hal_cortex.o
 .text.NVIC_EncodePriority
                0x0000000008002cf8       0x64 ./Drivers/STM32F1xx_HAL_Driver/Src/stm32f1xx_hal_cortex.o
 .text.SysTick_Config
                0x0000000008002d5c       0x44 ./Drivers/STM32F1xx_HAL_Driver/Src/stm32f1xx_hal_cortex.o
 .text.HAL_NVIC_SetPriorityGrouping
                0x0000000008002da0       0x16 ./Drivers/STM32F1xx_HAL_Driver/Src/stm32f1xx_hal_cortex.o
                0x0000000008002da0                HAL_NVIC_SetPriorityGrouping
 .text.HAL_NVIC_SetPriority
                0x0000000008002db6       0x38 ./Drivers/STM32F1xx_HAL_Driver/Src/stm32f1xx_hal_cortex.o
                0x0000000008002db6                HAL_NVIC_SetPriority
 .text.HAL_NVIC_EnableIRQ
                0x0000000008002dee       0x1c ./Drivers/STM32F1xx_HAL_Driver/Src/stm32f1xx_hal_cortex.o
                0x0000000008002dee                HAL_NVIC_EnableIRQ
 .text.HAL_SYSTICK_Config
                0x0000000008002e0a       0x18 ./Drivers/STM32F1xx_HAL_Driver/Src/stm32f1xx_hal_cortex.o
                0x0000000008002e0a                HAL_SYSTICK_Config
 *fill*         0x0000000008002e22        0x2 
 .text.HAL_DMA_Init
                0x0000000008002e24       0xb4 ./Drivers/STM32F1xx_HAL_Driver/Src/stm32f1xx_hal_dma.o
                0x0000000008002e24                HAL_DMA_Init
 .text.HAL_DMA_Start_IT
                0x0000000008002ed8       0xc0 ./Drivers/STM32F1xx_HAL_Driver/Src/stm32f1xx_hal_dma.o
                0x0000000008002ed8                HAL_DMA_Start_IT
 .text.HAL_DMA_IRQHandler
                0x0000000008002f98      0x20c ./Drivers/STM32F1xx_HAL_Driver/Src/stm32f1xx_hal_dma.o
                0x0000000008002f98                HAL_DMA_IRQHandler
 .text.DMA_SetConfig
                0x00000000080031a4       0x5a ./Drivers/STM32F1xx_HAL_Driver/Src/stm32f1xx_hal_dma.o
 *fill*         0x00000000080031fe        0x2 
 .text.HAL_GPIO_Init
                0x0000000008003200      0x308 ./Drivers/STM32F1xx_HAL_Driver/Src/stm32f1xx_hal_gpio.o
                0x0000000008003200                HAL_GPIO_Init
 .text.HAL_GPIO_WritePin
                0x0000000008003508       0x30 ./Drivers/STM32F1xx_HAL_Driver/Src/stm32f1xx_hal_gpio.o
                0x0000000008003508                HAL_GPIO_WritePin
 .text.HAL_GPIO_TogglePin
                0x0000000008003538       0x32 ./Drivers/STM32F1xx_HAL_Driver/Src/stm32f1xx_hal_gpio.o
                0x0000000008003538                HAL_GPIO_TogglePin
 *fill*         0x000000000800356a        0x2 
 .text.HAL_I2C_Init
                0x000000000800356c      0x288 ./Drivers/STM32F1xx_HAL_Driver/Src/stm32f1xx_hal_i2c.o
                0x000000000800356c                HAL_I2C_Init
 .text.HAL_I2C_Master_Transmit
                0x00000000080037f4      0x1fc ./Drivers/STM32F1xx_HAL_Driver/Src/stm32f1xx_hal_i2c.o
                0x00000000080037f4                HAL_I2C_Master_Transmit
 .text.I2C_MasterRequestWrite
                0x00000000080039f0      0x104 ./Drivers/STM32F1xx_HAL_Driver/Src/stm32f1xx_hal_i2c.o
 .text.I2C_WaitOnFlagUntilTimeout
                0x0000000008003af4       0xf4 ./Drivers/STM32F1xx_HAL_Driver/Src/stm32f1xx_hal_i2c.o
 .text.I2C_WaitOnMasterAddressFlagUntilTimeout
                0x0000000008003be8      0x140 ./Drivers/STM32F1xx_HAL_Driver/Src/stm32f1xx_hal_i2c.o
 .text.I2C_WaitOnTXEFlagUntilTimeout
                0x0000000008003d28       0x90 ./Drivers/STM32F1xx_HAL_Driver/Src/stm32f1xx_hal_i2c.o
 .text.I2C_WaitOnBTFFlagUntilTimeout
                0x0000000008003db8       0x90 ./Drivers/STM32F1xx_HAL_Driver/Src/stm32f1xx_hal_i2c.o
 .text.I2C_IsAcknowledgeFailed
                0x0000000008003e48       0x5c ./Drivers/STM32F1xx_HAL_Driver/Src/stm32f1xx_hal_i2c.o
 .text.HAL_RCC_OscConfig
                0x0000000008003ea4      0x504 ./Drivers/STM32F1xx_HAL_Driver/Src/stm32f1xx_hal_rcc.o
                0x0000000008003ea4                HAL_RCC_OscConfig
 .text.HAL_RCC_ClockConfig
                0x00000000080043a8      0x1d4 ./Drivers/STM32F1xx_HAL_Driver/Src/stm32f1xx_hal_rcc.o
                0x00000000080043a8                HAL_RCC_ClockConfig
 .text.HAL_RCC_GetSysClockFreq
                0x000000000800457c       0xa8 ./Drivers/STM32F1xx_HAL_Driver/Src/stm32f1xx_hal_rcc.o
                0x000000000800457c                HAL_RCC_GetSysClockFreq
 .text.HAL_RCC_GetHCLKFreq
                0x0000000008004624       0x14 ./Drivers/STM32F1xx_HAL_Driver/Src/stm32f1xx_hal_rcc.o
                0x0000000008004624                HAL_RCC_GetHCLKFreq
 .text.HAL_RCC_GetPCLK1Freq
                0x0000000008004638       0x28 ./Drivers/STM32F1xx_HAL_Driver/Src/stm32f1xx_hal_rcc.o
                0x0000000008004638                HAL_RCC_GetPCLK1Freq
 .text.RCC_Delay
                0x0000000008004660       0x3c ./Drivers/STM32F1xx_HAL_Driver/Src/stm32f1xx_hal_rcc.o
 .text.HAL_RCCEx_PeriphCLKConfig
                0x000000000800469c      0x16c ./Drivers/STM32F1xx_HAL_Driver/Src/stm32f1xx_hal_rcc_ex.o
                0x000000000800469c                HAL_RCCEx_PeriphCLKConfig
 .text.HAL_TIM_Base_Init
                0x0000000008004808       0x9e ./Drivers/STM32F1xx_HAL_Driver/Src/stm32f1xx_hal_tim.o
                0x0000000008004808                HAL_TIM_Base_Init
 *fill*         0x00000000080048a6        0x2 
 .text.HAL_TIM_Base_Start_IT
                0x00000000080048a8       0xa4 ./Drivers/STM32F1xx_HAL_Driver/Src/stm32f1xx_hal_tim.o
                0x00000000080048a8                HAL_TIM_Base_Start_IT
 .text.HAL_TIM_PWM_Init
                0x000000000800494c       0x9e ./Drivers/STM32F1xx_HAL_Driver/Src/stm32f1xx_hal_tim.o
                0x000000000800494c                HAL_TIM_PWM_Init
 *fill*         0x00000000080049ea        0x2 
 .text.HAL_TIM_PWM_Start
                0x00000000080049ec      0x144 ./Drivers/STM32F1xx_HAL_Driver/Src/stm32f1xx_hal_tim.o
                0x00000000080049ec                HAL_TIM_PWM_Start
 .text.HAL_TIM_Encoder_Init
                0x0000000008004b30      0x144 ./Drivers/STM32F1xx_HAL_Driver/Src/stm32f1xx_hal_tim.o
                0x0000000008004b30                HAL_TIM_Encoder_Init
 .text.HAL_TIM_Encoder_Start
                0x0000000008004c74      0x11c ./Drivers/STM32F1xx_HAL_Driver/Src/stm32f1xx_hal_tim.o
                0x0000000008004c74                HAL_TIM_Encoder_Start
 .text.HAL_TIM_IRQHandler
                0x0000000008004d90      0x1e0 ./Drivers/STM32F1xx_HAL_Driver/Src/stm32f1xx_hal_tim.o
                0x0000000008004d90                HAL_TIM_IRQHandler
 .text.HAL_TIM_PWM_ConfigChannel
                0x0000000008004f70      0x184 ./Drivers/STM32F1xx_HAL_Driver/Src/stm32f1xx_hal_tim.o
                0x0000000008004f70                HAL_TIM_PWM_ConfigChannel
 .text.HAL_TIM_ConfigClockSource
                0x00000000080050f4      0x18e ./Drivers/STM32F1xx_HAL_Driver/Src/stm32f1xx_hal_tim.o
                0x00000000080050f4                HAL_TIM_ConfigClockSource
 .text.HAL_TIM_OC_DelayElapsedCallback
                0x0000000008005282       0x12 ./Drivers/STM32F1xx_HAL_Driver/Src/stm32f1xx_hal_tim.o
                0x0000000008005282                HAL_TIM_OC_DelayElapsedCallback
 .text.HAL_TIM_IC_CaptureCallback
                0x0000000008005294       0x12 ./Drivers/STM32F1xx_HAL_Driver/Src/stm32f1xx_hal_tim.o
                0x0000000008005294                HAL_TIM_IC_CaptureCallback
 .text.HAL_TIM_PWM_PulseFinishedCallback
                0x00000000080052a6       0x12 ./Drivers/STM32F1xx_HAL_Driver/Src/stm32f1xx_hal_tim.o
                0x00000000080052a6                HAL_TIM_PWM_PulseFinishedCallback
 .text.HAL_TIM_TriggerCallback
                0x00000000080052b8       0x12 ./Drivers/STM32F1xx_HAL_Driver/Src/stm32f1xx_hal_tim.o
                0x00000000080052b8                HAL_TIM_TriggerCallback
 *fill*         0x00000000080052ca        0x2 
 .text.TIM_Base_SetConfig
                0x00000000080052cc       0xdc ./Drivers/STM32F1xx_HAL_Driver/Src/stm32f1xx_hal_tim.o
                0x00000000080052cc                TIM_Base_SetConfig
 .text.TIM_OC1_SetConfig
                0x00000000080053a8       0xcc ./Drivers/STM32F1xx_HAL_Driver/Src/stm32f1xx_hal_tim.o
 .text.TIM_OC2_SetConfig
                0x0000000008005474       0xd4 ./Drivers/STM32F1xx_HAL_Driver/Src/stm32f1xx_hal_tim.o
                0x0000000008005474                TIM_OC2_SetConfig
 .text.TIM_OC3_SetConfig
                0x0000000008005548       0xd4 ./Drivers/STM32F1xx_HAL_Driver/Src/stm32f1xx_hal_tim.o
 .text.TIM_OC4_SetConfig
                0x000000000800561c       0x9c ./Drivers/STM32F1xx_HAL_Driver/Src/stm32f1xx_hal_tim.o
 .text.TIM_TI1_ConfigInputStage
                0x00000000080056b8       0x5c ./Drivers/STM32F1xx_HAL_Driver/Src/stm32f1xx_hal_tim.o
 .text.TIM_TI2_ConfigInputStage
                0x0000000008005714       0x5e ./Drivers/STM32F1xx_HAL_Driver/Src/stm32f1xx_hal_tim.o
 .text.TIM_ITRx_SetConfig
                0x0000000008005772       0x34 ./Drivers/STM32F1xx_HAL_Driver/Src/stm32f1xx_hal_tim.o
 .text.TIM_ETR_SetConfig
                0x00000000080057a6       0x3e ./Drivers/STM32F1xx_HAL_Driver/Src/stm32f1xx_hal_tim.o
                0x00000000080057a6                TIM_ETR_SetConfig
 .text.TIM_CCxChannelCmd
                0x00000000080057e4       0x48 ./Drivers/STM32F1xx_HAL_Driver/Src/stm32f1xx_hal_tim.o
                0x00000000080057e4                TIM_CCxChannelCmd
 .text.HAL_TIMEx_MasterConfigSynchronization
                0x000000000800582c       0xbc ./Drivers/STM32F1xx_HAL_Driver/Src/stm32f1xx_hal_tim_ex.o
                0x000000000800582c                HAL_TIMEx_MasterConfigSynchronization
 .text.HAL_TIMEx_CommutCallback
                0x00000000080058e8       0x12 ./Drivers/STM32F1xx_HAL_Driver/Src/stm32f1xx_hal_tim_ex.o
                0x00000000080058e8                HAL_TIMEx_CommutCallback
 .text.HAL_TIMEx_BreakCallback
                0x00000000080058fa       0x12 ./Drivers/STM32F1xx_HAL_Driver/Src/stm32f1xx_hal_tim_ex.o
                0x00000000080058fa                HAL_TIMEx_BreakCallback
 .text.__itoa   0x000000000800590c       0x30 C:/ST/STM32CubeIDE_1.14.1/STM32CubeIDE/plugins/com.st.stm32cube.ide.mcu.externaltools.gnu-tools-for-stm32.11.3.rel1.win32_1.1.100.202309141235/tools/bin/../lib/gcc/arm-none-eabi/11.3.1/../../../../arm-none-eabi/lib/thumb/v7-m/nofp\libc_nano.a(libc_a-itoa.o)
                0x000000000800590c                __itoa
 .text.itoa     0x000000000800593c        0x4 C:/ST/STM32CubeIDE_1.14.1/STM32CubeIDE/plugins/com.st.stm32cube.ide.mcu.externaltools.gnu-tools-for-stm32.11.3.rel1.win32_1.1.100.202309141235/tools/bin/../lib/gcc/arm-none-eabi/11.3.1/../../../../arm-none-eabi/lib/thumb/v7-m/nofp\libc_nano.a(libc_a-itoa.o)
                0x000000000800593c                itoa
 .text.__utoa   0x0000000008005940       0x84 C:/ST/STM32CubeIDE_1.14.1/STM32CubeIDE/plugins/com.st.stm32cube.ide.mcu.externaltools.gnu-tools-for-stm32.11.3.rel1.win32_1.1.100.202309141235/tools/bin/../lib/gcc/arm-none-eabi/11.3.1/../../../../arm-none-eabi/lib/thumb/v7-m/nofp\libc_nano.a(libc_a-utoa.o)
                0x0000000008005940                __utoa
 .text.memset   0x00000000080059c4       0x10 C:/ST/STM32CubeIDE_1.14.1/STM32CubeIDE/plugins/com.st.stm32cube.ide.mcu.externaltools.gnu-tools-for-stm32.11.3.rel1.win32_1.1.100.202309141235/tools/bin/../lib/gcc/arm-none-eabi/11.3.1/../../../../arm-none-eabi/lib/thumb/v7-m/nofp\libc_nano.a(libc_a-memset.o)
                0x00000000080059c4                memset
 .text.__libc_init_array
                0x00000000080059d4       0x48 C:/ST/STM32CubeIDE_1.14.1/STM32CubeIDE/plugins/com.st.stm32cube.ide.mcu.externaltools.gnu-tools-for-stm32.11.3.rel1.win32_1.1.100.202309141235/tools/bin/../lib/gcc/arm-none-eabi/11.3.1/../../../../arm-none-eabi/lib/thumb/v7-m/nofp\libc_nano.a(libc_a-init.o)
                0x00000000080059d4                __libc_init_array
 *(.glue_7)
 .glue_7        0x0000000008005a1c        0x0 linker stubs
 *(.glue_7t)
 .glue_7t       0x0000000008005a1c        0x0 linker stubs
 *(.eh_frame)
 .eh_frame      0x0000000008005a1c        0x0 C:/ST/STM32CubeIDE_1.14.1/STM32CubeIDE/plugins/com.st.stm32cube.ide.mcu.externaltools.gnu-tools-for-stm32.11.3.rel1.win32_1.1.100.202309141235/tools/bin/../lib/gcc/arm-none-eabi/11.3.1/thumb/v7-m/nofp/crtbegin.o
 *(.init)
 .init          0x0000000008005a1c        0x4 C:/ST/STM32CubeIDE_1.14.1/STM32CubeIDE/plugins/com.st.stm32cube.ide.mcu.externaltools.gnu-tools-for-stm32.11.3.rel1.win32_1.1.100.202309141235/tools/bin/../lib/gcc/arm-none-eabi/11.3.1/thumb/v7-m/nofp/crti.o
                0x0000000008005a1c                _init
 .init          0x0000000008005a20        0x8 C:/ST/STM32CubeIDE_1.14.1/STM32CubeIDE/plugins/com.st.stm32cube.ide.mcu.externaltools.gnu-tools-for-stm32.11.3.rel1.win32_1.1.100.202309141235/tools/bin/../lib/gcc/arm-none-eabi/11.3.1/thumb/v7-m/nofp/crtn.o
 *(.fini)
 .fini          0x0000000008005a28        0x4 C:/ST/STM32CubeIDE_1.14.1/STM32CubeIDE/plugins/com.st.stm32cube.ide.mcu.externaltools.gnu-tools-for-stm32.11.3.rel1.win32_1.1.100.202309141235/tools/bin/../lib/gcc/arm-none-eabi/11.3.1/thumb/v7-m/nofp/crti.o
                0x0000000008005a28                _fini
 .fini          0x0000000008005a2c        0x8 C:/ST/STM32CubeIDE_1.14.1/STM32CubeIDE/plugins/com.st.stm32cube.ide.mcu.externaltools.gnu-tools-for-stm32.11.3.rel1.win32_1.1.100.202309141235/tools/bin/../lib/gcc/arm-none-eabi/11.3.1/thumb/v7-m/nofp/crtn.o
                0x0000000008005a34                . = ALIGN (0x4)
                0x0000000008005a34                _etext = .

.vfp11_veneer   0x0000000008005a34        0x0
 .vfp11_veneer  0x0000000008005a34        0x0 linker stubs

.v4_bx          0x0000000008005a34        0x0
 .v4_bx         0x0000000008005a34        0x0 linker stubs

.iplt           0x0000000008005a34        0x0
 .iplt          0x0000000008005a34        0x0 C:/ST/STM32CubeIDE_1.14.1/STM32CubeIDE/plugins/com.st.stm32cube.ide.mcu.externaltools.gnu-tools-for-stm32.11.3.rel1.win32_1.1.100.202309141235/tools/bin/../lib/gcc/arm-none-eabi/11.3.1/thumb/v7-m/nofp/crtbegin.o

.rodata         0x0000000008005a34       0xa0
                0x0000000008005a34                . = ALIGN (0x4)
 *(.rodata)
 .rodata        0x0000000008005a34       0x10 ./Core/Src/liquidcrystal_i2c.o
 .rodata        0x0000000008005a44       0x40 ./Core/Src/meun.o
 *(.rodata*)
 .rodata.AHBPrescTable
                0x0000000008005a84       0x10 ./Core/Src/system_stm32f1xx.o
                0x0000000008005a84                AHBPrescTable
 .rodata.APBPrescTable
                0x0000000008005a94        0x8 ./Core/Src/system_stm32f1xx.o
                0x0000000008005a94                APBPrescTable
 .rodata.aPLLMULFactorTable.1
                0x0000000008005a9c       0x10 ./Drivers/STM32F1xx_HAL_Driver/Src/stm32f1xx_hal_rcc.o
 .rodata.aPredivFactorTable.0
                0x0000000008005aac        0x2 ./Drivers/STM32F1xx_HAL_Driver/Src/stm32f1xx_hal_rcc.o
 .rodata.__utoa.str1.1
                0x0000000008005aae       0x25 C:/ST/STM32CubeIDE_1.14.1/STM32CubeIDE/plugins/com.st.stm32cube.ide.mcu.externaltools.gnu-tools-for-stm32.11.3.rel1.win32_1.1.100.202309141235/tools/bin/../lib/gcc/arm-none-eabi/11.3.1/../../../../arm-none-eabi/lib/thumb/v7-m/nofp\libc_nano.a(libc_a-utoa.o)
                0x0000000008005ad4                . = ALIGN (0x4)
 *fill*         0x0000000008005ad3        0x1 

.rel.dyn        0x0000000008005ad4        0x0
 .rel.iplt      0x0000000008005ad4        0x0 C:/ST/STM32CubeIDE_1.14.1/STM32CubeIDE/plugins/com.st.stm32cube.ide.mcu.externaltools.gnu-tools-for-stm32.11.3.rel1.win32_1.1.100.202309141235/tools/bin/../lib/gcc/arm-none-eabi/11.3.1/thumb/v7-m/nofp/crtbegin.o

.ARM.extab      0x0000000008005ad4        0x0
                0x0000000008005ad4                . = ALIGN (0x4)
 *(.ARM.extab* .gnu.linkonce.armextab.*)
                0x0000000008005ad4                . = ALIGN (0x4)

.ARM            0x0000000008005ad4        0x0
                0x0000000008005ad4                . = ALIGN (0x4)
                0x0000000008005ad4                __exidx_start = .
 *(.ARM.exidx*)
                0x0000000008005ad4                __exidx_end = .
                0x0000000008005ad4                . = ALIGN (0x4)

.preinit_array  0x0000000008005ad4        0x0
                0x0000000008005ad4                . = ALIGN (0x4)
                0x0000000008005ad4                PROVIDE (__preinit_array_start = .)
 *(.preinit_array*)
                0x0000000008005ad4                PROVIDE (__preinit_array_end = .)
                0x0000000008005ad4                . = ALIGN (0x4)

.init_array     0x0000000008005ad4        0x4
                0x0000000008005ad4                . = ALIGN (0x4)
                0x0000000008005ad4                PROVIDE (__init_array_start = .)
 *(SORT_BY_NAME(.init_array.*))
 *(.init_array*)
 .init_array    0x0000000008005ad4        0x4 C:/ST/STM32CubeIDE_1.14.1/STM32CubeIDE/plugins/com.st.stm32cube.ide.mcu.externaltools.gnu-tools-for-stm32.11.3.rel1.win32_1.1.100.202309141235/tools/bin/../lib/gcc/arm-none-eabi/11.3.1/thumb/v7-m/nofp/crtbegin.o
                0x0000000008005ad8                PROVIDE (__init_array_end = .)
                0x0000000008005ad8                . = ALIGN (0x4)

.fini_array     0x0000000008005ad8        0x4
                0x0000000008005ad8                . = ALIGN (0x4)
                [!provide]                        PROVIDE (__fini_array_start = .)
 *(SORT_BY_NAME(.fini_array.*))
 *(.fini_array*)
 .fini_array    0x0000000008005ad8        0x4 C:/ST/STM32CubeIDE_1.14.1/STM32CubeIDE/plugins/com.st.stm32cube.ide.mcu.externaltools.gnu-tools-for-stm32.11.3.rel1.win32_1.1.100.202309141235/tools/bin/../lib/gcc/arm-none-eabi/11.3.1/thumb/v7-m/nofp/crtbegin.o
                [!provide]                        PROVIDE (__fini_array_end = .)
                0x0000000008005adc                . = ALIGN (0x4)
                0x0000000008005adc                _sidata = LOADADDR (.data)

.data           0x0000000020000000      0x130 load address 0x0000000008005adc
                0x0000000020000000                . = ALIGN (0x4)
                0x0000000020000000                _sdata = .
 *(.data)
 *(.data*)
 .data.ntc3960_100k
                0x0000000020000000      0x114 ./Core/Src/NTCtempSensor.o
 .data.special1
                0x0000000020000114        0x8 ./Core/Src/liquidcrystal_i2c.o
                0x0000000020000114                special1
 .data.special2
                0x000000002000011c        0x8 ./Core/Src/liquidcrystal_i2c.o
                0x000000002000011c                special2
 .data.SystemCoreClock
                0x0000000020000124        0x4 ./Core/Src/system_stm32f1xx.o
                0x0000000020000124                SystemCoreClock
 .data.uwTickPrio
                0x0000000020000128        0x4 ./Drivers/STM32F1xx_HAL_Driver/Src/stm32f1xx_hal.o
                0x0000000020000128                uwTickPrio
 .data.uwTickFreq
                0x000000002000012c        0x1 ./Drivers/STM32F1xx_HAL_Driver/Src/stm32f1xx_hal.o
                0x000000002000012c                uwTickFreq
 *(.RamFunc)
 *(.RamFunc*)
                0x0000000020000130                . = ALIGN (0x4)
 *fill*         0x000000002000012d        0x3 
                0x0000000020000130                _edata = .

.igot.plt       0x0000000020000130        0x0 load address 0x0000000008005c0c
 .igot.plt      0x0000000020000130        0x0 C:/ST/STM32CubeIDE_1.14.1/STM32CubeIDE/plugins/com.st.stm32cube.ide.mcu.externaltools.gnu-tools-for-stm32.11.3.rel1.win32_1.1.100.202309141235/tools/bin/../lib/gcc/arm-none-eabi/11.3.1/thumb/v7-m/nofp/crtbegin.o
                0x0000000020000130                . = ALIGN (0x4)

.bss            0x0000000020000130      0x22c load address 0x0000000008005c0c
                0x0000000020000130                _sbss = .
                0x0000000020000130                __bss_start__ = _sbss
 *(.bss)
 .bss           0x0000000020000130       0x1c C:/ST/STM32CubeIDE_1.14.1/STM32CubeIDE/plugins/com.st.stm32cube.ide.mcu.externaltools.gnu-tools-for-stm32.11.3.rel1.win32_1.1.100.202309141235/tools/bin/../lib/gcc/arm-none-eabi/11.3.1/thumb/v7-m/nofp/crtbegin.o
 *(.bss*)
 .bss.hadc1     0x000000002000014c       0x30 ./Core/Src/adc.o
                0x000000002000014c                hadc1
 .bss.hdma_adc1
                0x000000002000017c       0x44 ./Core/Src/adc.o
                0x000000002000017c                hdma_adc1
 .bss.hi2c1     0x00000000200001c0       0x54 ./Core/Src/i2c.o
                0x00000000200001c0                hi2c1
 .bss.dpFunction
                0x0000000020000214        0x1 ./Core/Src/liquidcrystal_i2c.o
                0x0000000020000214                dpFunction
 .bss.dpControl
                0x0000000020000215        0x1 ./Core/Src/liquidcrystal_i2c.o
                0x0000000020000215                dpControl
 .bss.dpMode    0x0000000020000216        0x1 ./Core/Src/liquidcrystal_i2c.o
                0x0000000020000216                dpMode
 .bss.dpRows    0x0000000020000217        0x1 ./Core/Src/liquidcrystal_i2c.o
                0x0000000020000217                dpRows
 .bss.dpBacklight
                0x0000000020000218        0x1 ./Core/Src/liquidcrystal_i2c.o
                0x0000000020000218                dpBacklight
 *fill*         0x0000000020000219        0x3 
 .bss.encoder   0x000000002000021c        0x8 ./Core/Src/main.o
                0x000000002000021c                encoder
 .bss.meun      0x0000000020000224       0x18 ./Core/Src/main.o
                0x0000000020000224                meun
 *fill*         0x000000002000023c        0x4 
 .bss.ntc0      0x0000000020000240       0x20 ./Core/Src/main.o
                0x0000000020000240                ntc0
 .bss.counter   0x0000000020000260        0x4 ./Core/Src/main.o
                0x0000000020000260                counter
 *fill*         0x0000000020000264        0x4 
 .bss.currentTemp
                0x0000000020000268        0x8 ./Core/Src/main.o
                0x0000000020000268                currentTemp
 .bss._resistor
                0x0000000020000270        0x8 ./Core/Src/main.o
                0x0000000020000270                _resistor
 .bss._num      0x0000000020000278        0x2 ./Core/Src/main.o
                0x0000000020000278                _num
 *fill*         0x000000002000027a        0x2 
 .bss.adcValue  0x000000002000027c        0x4 ./Core/Src/main.o
                0x000000002000027c                adcValue
 .bss.htim2     0x0000000020000280       0x48 ./Core/Src/tim.o
                0x0000000020000280                htim2
 .bss.htim3     0x00000000200002c8       0x48 ./Core/Src/tim.o
                0x00000000200002c8                htim3
 .bss.htim4     0x0000000020000310       0x48 ./Core/Src/tim.o
                0x0000000020000310                htim4
 .bss.uwTick    0x0000000020000358        0x4 ./Drivers/STM32F1xx_HAL_Driver/Src/stm32f1xx_hal.o
                0x0000000020000358                uwTick
 *(COMMON)
                0x000000002000035c                . = ALIGN (0x4)
                0x000000002000035c                _ebss = .
                0x000000002000035c                __bss_end__ = _ebss

._user_heap_stack
                0x000000002000035c      0x604 load address 0x0000000008005c0c
                0x0000000020000360                . = ALIGN (0x8)
 *fill*         0x000000002000035c        0x4 
                [!provide]                        PROVIDE (end = .)
                0x0000000020000360                PROVIDE (_end = .)
                0x0000000020000560                . = (. + _Min_Heap_Size)
 *fill*         0x0000000020000360      0x200 
                0x0000000020000960                . = (. + _Min_Stack_Size)
 *fill*         0x0000000020000560      0x400 
                0x0000000020000960                . = ALIGN (0x8)

/DISCARD/
 libc.a(*)
 libm.a(*)
 libgcc.a(*)

.ARM.attributes
                0x0000000000000000       0x29
 *(.ARM.attributes)
 .ARM.attributes
                0x0000000000000000       0x1d C:/ST/STM32CubeIDE_1.14.1/STM32CubeIDE/plugins/com.st.stm32cube.ide.mcu.externaltools.gnu-tools-for-stm32.11.3.rel1.win32_1.1.100.202309141235/tools/bin/../lib/gcc/arm-none-eabi/11.3.1/thumb/v7-m/nofp/crti.o
 .ARM.attributes
                0x000000000000001d       0x2d C:/ST/STM32CubeIDE_1.14.1/STM32CubeIDE/plugins/com.st.stm32cube.ide.mcu.externaltools.gnu-tools-for-stm32.11.3.rel1.win32_1.1.100.202309141235/tools/bin/../lib/gcc/arm-none-eabi/11.3.1/thumb/v7-m/nofp/crtbegin.o
 .ARM.attributes
                0x000000000000004a       0x2d ./Core/Src/NTCtempSensor.o
 .ARM.attributes
                0x0000000000000077       0x2d ./Core/Src/adc.o
 .ARM.attributes
                0x00000000000000a4       0x2d ./Core/Src/dma.o
 .ARM.attributes
                0x00000000000000d1       0x2d ./Core/Src/encoder.o
 .ARM.attributes
                0x00000000000000fe       0x2d ./Core/Src/gpio.o
 .ARM.attributes
                0x000000000000012b       0x2d ./Core/Src/i2c.o
 .ARM.attributes
                0x0000000000000158       0x2d ./Core/Src/liquidcrystal_i2c.o
 .ARM.attributes
                0x0000000000000185       0x2d ./Core/Src/main.o
 .ARM.attributes
                0x00000000000001b2       0x2d ./Core/Src/meun.o
 .ARM.attributes
                0x00000000000001df       0x2d ./Core/Src/stm32f1xx_hal_msp.o
 .ARM.attributes
                0x000000000000020c       0x2d ./Core/Src/stm32f1xx_it.o
 .ARM.attributes
                0x0000000000000239       0x2d ./Core/Src/system_stm32f1xx.o
 .ARM.attributes
                0x0000000000000266       0x2d ./Core/Src/tim.o
 .ARM.attributes
                0x0000000000000293       0x21 ./Core/Startup/startup_stm32f103c8tx.o
 .ARM.attributes
                0x00000000000002b4       0x2d ./Drivers/STM32F1xx_HAL_Driver/Src/stm32f1xx_hal.o
 .ARM.attributes
                0x00000000000002e1       0x2d ./Drivers/STM32F1xx_HAL_Driver/Src/stm32f1xx_hal_adc.o
 .ARM.attributes
                0x000000000000030e       0x2d ./Drivers/STM32F1xx_HAL_Driver/Src/stm32f1xx_hal_adc_ex.o
 .ARM.attributes
                0x000000000000033b       0x2d ./Drivers/STM32F1xx_HAL_Driver/Src/stm32f1xx_hal_cortex.o
 .ARM.attributes
                0x0000000000000368       0x2d ./Drivers/STM32F1xx_HAL_Driver/Src/stm32f1xx_hal_dma.o
 .ARM.attributes
                0x0000000000000395       0x2d ./Drivers/STM32F1xx_HAL_Driver/Src/stm32f1xx_hal_gpio.o
 .ARM.attributes
                0x00000000000003c2       0x2d ./Drivers/STM32F1xx_HAL_Driver/Src/stm32f1xx_hal_i2c.o
 .ARM.attributes
                0x00000000000003ef       0x2d ./Drivers/STM32F1xx_HAL_Driver/Src/stm32f1xx_hal_rcc.o
 .ARM.attributes
                0x000000000000041c       0x2d ./Drivers/STM32F1xx_HAL_Driver/Src/stm32f1xx_hal_rcc_ex.o
 .ARM.attributes
                0x0000000000000449       0x2d ./Drivers/STM32F1xx_HAL_Driver/Src/stm32f1xx_hal_tim.o
 .ARM.attributes
                0x0000000000000476       0x2d ./Drivers/STM32F1xx_HAL_Driver/Src/stm32f1xx_hal_tim_ex.o
 .ARM.attributes
                0x00000000000004a3       0x2d C:/ST/STM32CubeIDE_1.14.1/STM32CubeIDE/plugins/com.st.stm32cube.ide.mcu.externaltools.gnu-tools-for-stm32.11.3.rel1.win32_1.1.100.202309141235/tools/bin/../lib/gcc/arm-none-eabi/11.3.1/../../../../arm-none-eabi/lib/thumb/v7-m/nofp\libc_nano.a(libc_a-itoa.o)
 .ARM.attributes
                0x00000000000004d0       0x2d C:/ST/STM32CubeIDE_1.14.1/STM32CubeIDE/plugins/com.st.stm32cube.ide.mcu.externaltools.gnu-tools-for-stm32.11.3.rel1.win32_1.1.100.202309141235/tools/bin/../lib/gcc/arm-none-eabi/11.3.1/../../../../arm-none-eabi/lib/thumb/v7-m/nofp\libc_nano.a(libc_a-utoa.o)
 .ARM.attributes
                0x00000000000004fd       0x2d C:/ST/STM32CubeIDE_1.14.1/STM32CubeIDE/plugins/com.st.stm32cube.ide.mcu.externaltools.gnu-tools-for-stm32.11.3.rel1.win32_1.1.100.202309141235/tools/bin/../lib/gcc/arm-none-eabi/11.3.1/../../../../arm-none-eabi/lib/thumb/v7-m/nofp\libc_nano.a(libc_a-memset.o)
 .ARM.attributes
                0x000000000000052a       0x2d C:/ST/STM32CubeIDE_1.14.1/STM32CubeIDE/plugins/com.st.stm32cube.ide.mcu.externaltools.gnu-tools-for-stm32.11.3.rel1.win32_1.1.100.202309141235/tools/bin/../lib/gcc/arm-none-eabi/11.3.1/../../../../arm-none-eabi/lib/thumb/v7-m/nofp\libc_nano.a(libc_a-init.o)
 .ARM.attributes
                0x0000000000000557       0x1d C:/ST/STM32CubeIDE_1.14.1/STM32CubeIDE/plugins/com.st.stm32cube.ide.mcu.externaltools.gnu-tools-for-stm32.11.3.rel1.win32_1.1.100.202309141235/tools/bin/../lib/gcc/arm-none-eabi/11.3.1/thumb/v7-m/nofp\libgcc.a(_arm_addsubdf3.o)
 .ARM.attributes
                0x0000000000000574       0x1d C:/ST/STM32CubeIDE_1.14.1/STM32CubeIDE/plugins/com.st.stm32cube.ide.mcu.externaltools.gnu-tools-for-stm32.11.3.rel1.win32_1.1.100.202309141235/tools/bin/../lib/gcc/arm-none-eabi/11.3.1/thumb/v7-m/nofp\libgcc.a(_arm_muldivdf3.o)
 .ARM.attributes
                0x0000000000000591       0x1d C:/ST/STM32CubeIDE_1.14.1/STM32CubeIDE/plugins/com.st.stm32cube.ide.mcu.externaltools.gnu-tools-for-stm32.11.3.rel1.win32_1.1.100.202309141235/tools/bin/../lib/gcc/arm-none-eabi/11.3.1/thumb/v7-m/nofp\libgcc.a(_arm_cmpdf2.o)
 .ARM.attributes
                0x00000000000005ae       0x1d C:/ST/STM32CubeIDE_1.14.1/STM32CubeIDE/plugins/com.st.stm32cube.ide.mcu.externaltools.gnu-tools-for-stm32.11.3.rel1.win32_1.1.100.202309141235/tools/bin/../lib/gcc/arm-none-eabi/11.3.1/thumb/v7-m/nofp\libgcc.a(_arm_truncdfsf2.o)
 .ARM.attributes
                0x00000000000005cb       0x1d C:/ST/STM32CubeIDE_1.14.1/STM32CubeIDE/plugins/com.st.stm32cube.ide.mcu.externaltools.gnu-tools-for-stm32.11.3.rel1.win32_1.1.100.202309141235/tools/bin/../lib/gcc/arm-none-eabi/11.3.1/thumb/v7-m/nofp/crtn.o
OUTPUT(HeatPlate_3.elf elf32-littlearm)
LOAD linker stubs
LOAD C:/ST/STM32CubeIDE_1.14.1/STM32CubeIDE/plugins/com.st.stm32cube.ide.mcu.externaltools.gnu-tools-for-stm32.11.3.rel1.win32_1.1.100.202309141235/tools/bin/../lib/gcc/arm-none-eabi/11.3.1/../../../../arm-none-eabi/lib/thumb/v7-m/nofp\libc.a
LOAD C:/ST/STM32CubeIDE_1.14.1/STM32CubeIDE/plugins/com.st.stm32cube.ide.mcu.externaltools.gnu-tools-for-stm32.11.3.rel1.win32_1.1.100.202309141235/tools/bin/../lib/gcc/arm-none-eabi/11.3.1/../../../../arm-none-eabi/lib/thumb/v7-m/nofp\libm.a
LOAD C:/ST/STM32CubeIDE_1.14.1/STM32CubeIDE/plugins/com.st.stm32cube.ide.mcu.externaltools.gnu-tools-for-stm32.11.3.rel1.win32_1.1.100.202309141235/tools/bin/../lib/gcc/arm-none-eabi/11.3.1/thumb/v7-m/nofp\libgcc.a

.comment        0x0000000000000000       0x43
 .comment       0x0000000000000000       0x43 C:/ST/STM32CubeIDE_1.14.1/STM32CubeIDE/plugins/com.st.stm32cube.ide.mcu.externaltools.gnu-tools-for-stm32.11.3.rel1.win32_1.1.100.202309141235/tools/bin/../lib/gcc/arm-none-eabi/11.3.1/thumb/v7-m/nofp/crtbegin.o
                                         0x44 (size before relaxing)
 .comment       0x0000000000000043       0x44 ./Core/Src/NTCtempSensor.o
 .comment       0x0000000000000043       0x44 ./Core/Src/adc.o
 .comment       0x0000000000000043       0x44 ./Core/Src/dma.o
 .comment       0x0000000000000043       0x44 ./Core/Src/encoder.o
 .comment       0x0000000000000043       0x44 ./Core/Src/gpio.o
 .comment       0x0000000000000043       0x44 ./Core/Src/i2c.o
 .comment       0x0000000000000043       0x44 ./Core/Src/liquidcrystal_i2c.o
 .comment       0x0000000000000043       0x44 ./Core/Src/main.o
 .comment       0x0000000000000043       0x44 ./Core/Src/meun.o
 .comment       0x0000000000000043       0x44 ./Core/Src/stm32f1xx_hal_msp.o
 .comment       0x0000000000000043       0x44 ./Core/Src/stm32f1xx_it.o
 .comment       0x0000000000000043       0x44 ./Core/Src/system_stm32f1xx.o
 .comment       0x0000000000000043       0x44 ./Core/Src/tim.o
 .comment       0x0000000000000043       0x44 ./Drivers/STM32F1xx_HAL_Driver/Src/stm32f1xx_hal.o
 .comment       0x0000000000000043       0x44 ./Drivers/STM32F1xx_HAL_Driver/Src/stm32f1xx_hal_adc.o
 .comment       0x0000000000000043       0x44 ./Drivers/STM32F1xx_HAL_Driver/Src/stm32f1xx_hal_adc_ex.o
 .comment       0x0000000000000043       0x44 ./Drivers/STM32F1xx_HAL_Driver/Src/stm32f1xx_hal_cortex.o
 .comment       0x0000000000000043       0x44 ./Drivers/STM32F1xx_HAL_Driver/Src/stm32f1xx_hal_dma.o
 .comment       0x0000000000000043       0x44 ./Drivers/STM32F1xx_HAL_Driver/Src/stm32f1xx_hal_gpio.o
 .comment       0x0000000000000043       0x44 ./Drivers/STM32F1xx_HAL_Driver/Src/stm32f1xx_hal_i2c.o
 .comment       0x0000000000000043       0x44 ./Drivers/STM32F1xx_HAL_Driver/Src/stm32f1xx_hal_rcc.o
 .comment       0x0000000000000043       0x44 ./Drivers/STM32F1xx_HAL_Driver/Src/stm32f1xx_hal_rcc_ex.o
 .comment       0x0000000000000043       0x44 ./Drivers/STM32F1xx_HAL_Driver/Src/stm32f1xx_hal_tim.o
 .comment       0x0000000000000043       0x44 ./Drivers/STM32F1xx_HAL_Driver/Src/stm32f1xx_hal_tim_ex.o

.debug_info     0x0000000000000000     0xff2d
 .debug_info    0x0000000000000000      0x6cc ./Core/Src/NTCtempSensor.o
 .debug_info    0x00000000000006cc      0xa3a ./Core/Src/adc.o
 .debug_info    0x0000000000001106      0x2cf ./Core/Src/dma.o
 .debug_info    0x00000000000013d5      0x30e ./Core/Src/encoder.o
 .debug_info    0x00000000000016e3      0x2b7 ./Core/Src/gpio.o
 .debug_info    0x000000000000199a      0x879 ./Core/Src/i2c.o
 .debug_info    0x0000000000002213      0xc0e ./Core/Src/liquidcrystal_i2c.o
 .debug_info    0x0000000000002e21      0xef4 ./Core/Src/main.o
 .debug_info    0x0000000000003d15      0x3e7 ./Core/Src/meun.o
 .debug_info    0x00000000000040fc      0x1f1 ./Core/Src/stm32f1xx_hal_msp.o
 .debug_info    0x00000000000042ed      0x908 ./Core/Src/stm32f1xx_it.o
 .debug_info    0x0000000000004bf5      0x222 ./Core/Src/system_stm32f1xx.o
 .debug_info    0x0000000000004e17      0xdde ./Core/Src/tim.o
 .debug_info    0x0000000000005bf5       0x23 ./Core/Startup/startup_stm32f103c8tx.o
 .debug_info    0x0000000000005c18      0x704 ./Drivers/STM32F1xx_HAL_Driver/Src/stm32f1xx_hal.o
 .debug_info    0x000000000000631c      0xc50 ./Drivers/STM32F1xx_HAL_Driver/Src/stm32f1xx_hal_adc.o
 .debug_info    0x0000000000006f6c      0xa10 ./Drivers/STM32F1xx_HAL_Driver/Src/stm32f1xx_hal_adc_ex.o
 .debug_info    0x000000000000797c      0xa87 ./Drivers/STM32F1xx_HAL_Driver/Src/stm32f1xx_hal_cortex.o
 .debug_info    0x0000000000008403      0x6d2 ./Drivers/STM32F1xx_HAL_Driver/Src/stm32f1xx_hal_dma.o
 .debug_info    0x0000000000008ad5      0x5ab ./Drivers/STM32F1xx_HAL_Driver/Src/stm32f1xx_hal_gpio.o
 .debug_info    0x0000000000009080     0x2524 ./Drivers/STM32F1xx_HAL_Driver/Src/stm32f1xx_hal_i2c.o
 .debug_info    0x000000000000b5a4      0x7d5 ./Drivers/STM32F1xx_HAL_Driver/Src/stm32f1xx_hal_rcc.o
 .debug_info    0x000000000000bd79      0x3c0 ./Drivers/STM32F1xx_HAL_Driver/Src/stm32f1xx_hal_rcc_ex.o
 .debug_info    0x000000000000c139     0x2959 ./Drivers/STM32F1xx_HAL_Driver/Src/stm32f1xx_hal_tim.o
 .debug_info    0x000000000000ea92     0x149b ./Drivers/STM32F1xx_HAL_Driver/Src/stm32f1xx_hal_tim_ex.o

.debug_abbrev   0x0000000000000000     0x2ead
 .debug_abbrev  0x0000000000000000      0x1ae ./Core/Src/NTCtempSensor.o
 .debug_abbrev  0x00000000000001ae      0x211 ./Core/Src/adc.o
 .debug_abbrev  0x00000000000003bf       0xfc ./Core/Src/dma.o
 .debug_abbrev  0x00000000000004bb      0x10f ./Core/Src/encoder.o
 .debug_abbrev  0x00000000000005ca      0x13f ./Core/Src/gpio.o
 .debug_abbrev  0x0000000000000709      0x1ef ./Core/Src/i2c.o
 .debug_abbrev  0x00000000000008f8      0x26b ./Core/Src/liquidcrystal_i2c.o
 .debug_abbrev  0x0000000000000b63      0x275 ./Core/Src/main.o
 .debug_abbrev  0x0000000000000dd8      0x147 ./Core/Src/meun.o
 .debug_abbrev  0x0000000000000f1f       0xdb ./Core/Src/stm32f1xx_hal_msp.o
 .debug_abbrev  0x0000000000000ffa      0x1a7 ./Core/Src/stm32f1xx_it.o
 .debug_abbrev  0x00000000000011a1      0x13f ./Core/Src/system_stm32f1xx.o
 .debug_abbrev  0x00000000000012e0      0x2a8 ./Core/Src/tim.o
 .debug_abbrev  0x0000000000001588       0x12 ./Core/Startup/startup_stm32f103c8tx.o
 .debug_abbrev  0x000000000000159a      0x201 ./Drivers/STM32F1xx_HAL_Driver/Src/stm32f1xx_hal.o
 .debug_abbrev  0x000000000000179b      0x225 ./Drivers/STM32F1xx_HAL_Driver/Src/stm32f1xx_hal_adc.o
 .debug_abbrev  0x00000000000019c0      0x249 ./Drivers/STM32F1xx_HAL_Driver/Src/stm32f1xx_hal_adc_ex.o
 .debug_abbrev  0x0000000000001c09      0x2f8 ./Drivers/STM32F1xx_HAL_Driver/Src/stm32f1xx_hal_cortex.o
 .debug_abbrev  0x0000000000001f01      0x20b ./Drivers/STM32F1xx_HAL_Driver/Src/stm32f1xx_hal_dma.o
 .debug_abbrev  0x000000000000210c      0x1ca ./Drivers/STM32F1xx_HAL_Driver/Src/stm32f1xx_hal_gpio.o
 .debug_abbrev  0x00000000000022d6      0x2a3 ./Drivers/STM32F1xx_HAL_Driver/Src/stm32f1xx_hal_i2c.o
 .debug_abbrev  0x0000000000002579      0x2b3 ./Drivers/STM32F1xx_HAL_Driver/Src/stm32f1xx_hal_rcc.o
 .debug_abbrev  0x000000000000282c      0x188 ./Drivers/STM32F1xx_HAL_Driver/Src/stm32f1xx_hal_rcc_ex.o
 .debug_abbrev  0x00000000000029b4      0x277 ./Drivers/STM32F1xx_HAL_Driver/Src/stm32f1xx_hal_tim.o
 .debug_abbrev  0x0000000000002c2b      0x282 ./Drivers/STM32F1xx_HAL_Driver/Src/stm32f1xx_hal_tim_ex.o

.debug_aranges  0x0000000000000000     0x10a0
 .debug_aranges
                0x0000000000000000       0x30 ./Core/Src/NTCtempSensor.o
 .debug_aranges
                0x0000000000000030       0x30 ./Core/Src/adc.o
 .debug_aranges
                0x0000000000000060       0x20 ./Core/Src/dma.o
 .debug_aranges
                0x0000000000000080       0x28 ./Core/Src/encoder.o
 .debug_aranges
                0x00000000000000a8       0x20 ./Core/Src/gpio.o
 .debug_aranges
                0x00000000000000c8       0x30 ./Core/Src/i2c.o
 .debug_aranges
                0x00000000000000f8      0x110 ./Core/Src/liquidcrystal_i2c.o
 .debug_aranges
                0x0000000000000208       0x38 ./Core/Src/main.o
 .debug_aranges
                0x0000000000000240       0x48 ./Core/Src/meun.o
 .debug_aranges
                0x0000000000000288       0x20 ./Core/Src/stm32f1xx_hal_msp.o
 .debug_aranges
                0x00000000000002a8       0x78 ./Core/Src/stm32f1xx_it.o
 .debug_aranges
                0x0000000000000320       0x28 ./Core/Src/system_stm32f1xx.o
 .debug_aranges
                0x0000000000000348       0x68 ./Core/Src/tim.o
 .debug_aranges
                0x00000000000003b0       0x28 ./Core/Startup/startup_stm32f103c8tx.o
 .debug_aranges
                0x00000000000003d8       0xe0 ./Drivers/STM32F1xx_HAL_Driver/Src/stm32f1xx_hal.o
 .debug_aranges
                0x00000000000004b8       0xf0 ./Drivers/STM32F1xx_HAL_Driver/Src/stm32f1xx_hal_adc.o
 .debug_aranges
                0x00000000000005a8       0x80 ./Drivers/STM32F1xx_HAL_Driver/Src/stm32f1xx_hal_adc_ex.o
 .debug_aranges
                0x0000000000000628      0x100 ./Drivers/STM32F1xx_HAL_Driver/Src/stm32f1xx_hal_cortex.o
 .debug_aranges
                0x0000000000000728       0x80 ./Drivers/STM32F1xx_HAL_Driver/Src/stm32f1xx_hal_dma.o
 .debug_aranges
                0x00000000000007a8       0x58 ./Drivers/STM32F1xx_HAL_Driver/Src/stm32f1xx_hal_gpio.o
 .debug_aranges
                0x0000000000000800      0x2a8 ./Drivers/STM32F1xx_HAL_Driver/Src/stm32f1xx_hal_i2c.o
 .debug_aranges
                0x0000000000000aa8       0x90 ./Drivers/STM32F1xx_HAL_Driver/Src/stm32f1xx_hal_rcc.o
 .debug_aranges
                0x0000000000000b38       0x30 ./Drivers/STM32F1xx_HAL_Driver/Src/stm32f1xx_hal_rcc_ex.o
 .debug_aranges
                0x0000000000000b68      0x3d0 ./Drivers/STM32F1xx_HAL_Driver/Src/stm32f1xx_hal_tim.o
 .debug_aranges
                0x0000000000000f38      0x168 ./Drivers/STM32F1xx_HAL_Driver/Src/stm32f1xx_hal_tim_ex.o

.debug_rnglists
                0x0000000000000000      0xcd5
 .debug_rnglists
                0x0000000000000000       0x20 ./Core/Src/NTCtempSensor.o
 .debug_rnglists
                0x0000000000000020       0x21 ./Core/Src/adc.o
 .debug_rnglists
                0x0000000000000041       0x13 ./Core/Src/dma.o
 .debug_rnglists
                0x0000000000000054       0x19 ./Core/Src/encoder.o
 .debug_rnglists
                0x000000000000006d       0x14 ./Core/Src/gpio.o
 .debug_rnglists
                0x0000000000000081       0x20 ./Core/Src/i2c.o
 .debug_rnglists
                0x00000000000000a1       0xc8 ./Core/Src/liquidcrystal_i2c.o
 .debug_rnglists
                0x0000000000000169       0x27 ./Core/Src/main.o
 .debug_rnglists
                0x0000000000000190       0x34 ./Core/Src/meun.o
 .debug_rnglists
                0x00000000000001c4       0x13 ./Core/Src/stm32f1xx_hal_msp.o
 .debug_rnglists
                0x00000000000001d7       0x55 ./Core/Src/stm32f1xx_it.o
 .debug_rnglists
                0x000000000000022c       0x1a ./Core/Src/system_stm32f1xx.o
 .debug_rnglists
                0x0000000000000246       0x4c ./Core/Src/tim.o
 .debug_rnglists
                0x0000000000000292       0x19 ./Core/Startup/startup_stm32f103c8tx.o
 .debug_rnglists
                0x00000000000002ab       0xa3 ./Drivers/STM32F1xx_HAL_Driver/Src/stm32f1xx_hal.o
 .debug_rnglists
                0x000000000000034e       0xbc ./Drivers/STM32F1xx_HAL_Driver/Src/stm32f1xx_hal_adc.o
 .debug_rnglists
                0x000000000000040a       0x65 ./Drivers/STM32F1xx_HAL_Driver/Src/stm32f1xx_hal_adc_ex.o
 .debug_rnglists
                0x000000000000046f       0xbb ./Drivers/STM32F1xx_HAL_Driver/Src/stm32f1xx_hal_cortex.o
 .debug_rnglists
                0x000000000000052a       0x64 ./Drivers/STM32F1xx_HAL_Driver/Src/stm32f1xx_hal_dma.o
 .debug_rnglists
                0x000000000000058e       0x3f ./Drivers/STM32F1xx_HAL_Driver/Src/stm32f1xx_hal_gpio.o
 .debug_rnglists
                0x00000000000005cd      0x23c ./Drivers/STM32F1xx_HAL_Driver/Src/stm32f1xx_hal_i2c.o
 .debug_rnglists
                0x0000000000000809       0x6c ./Drivers/STM32F1xx_HAL_Driver/Src/stm32f1xx_hal_rcc.o
 .debug_rnglists
                0x0000000000000875       0x21 ./Drivers/STM32F1xx_HAL_Driver/Src/stm32f1xx_hal_rcc_ex.o
 .debug_rnglists
                0x0000000000000896      0x31a ./Drivers/STM32F1xx_HAL_Driver/Src/stm32f1xx_hal_tim.o
 .debug_rnglists
                0x0000000000000bb0      0x125 ./Drivers/STM32F1xx_HAL_Driver/Src/stm32f1xx_hal_tim_ex.o

.debug_macro    0x0000000000000000    0x19a7f
 .debug_macro   0x0000000000000000      0x2a5 ./Core/Src/NTCtempSensor.o
 .debug_macro   0x00000000000002a5      0xa9c ./Core/Src/NTCtempSensor.o
 .debug_macro   0x0000000000000d41      0x227 ./Core/Src/NTCtempSensor.o
 .debug_macro   0x0000000000000f68       0x2e ./Core/Src/NTCtempSensor.o
 .debug_macro   0x0000000000000f96       0x22 ./Core/Src/NTCtempSensor.o
 .debug_macro   0x0000000000000fb8       0x22 ./Core/Src/NTCtempSensor.o
 .debug_macro   0x0000000000000fda       0x8e ./Core/Src/NTCtempSensor.o
 .debug_macro   0x0000000000001068       0x51 ./Core/Src/NTCtempSensor.o
 .debug_macro   0x00000000000010b9      0x103 ./Core/Src/NTCtempSensor.o
 .debug_macro   0x00000000000011bc       0x6a ./Core/Src/NTCtempSensor.o
 .debug_macro   0x0000000000001226      0x1df ./Core/Src/NTCtempSensor.o
 .debug_macro   0x0000000000001405       0x1c ./Core/Src/NTCtempSensor.o
 .debug_macro   0x0000000000001421       0x22 ./Core/Src/NTCtempSensor.o
 .debug_macro   0x0000000000001443       0xbd ./Core/Src/NTCtempSensor.o
 .debug_macro   0x0000000000001500      0xd23 ./Core/Src/NTCtempSensor.o
 .debug_macro   0x0000000000002223     0xe09e ./Core/Src/NTCtempSensor.o
 .debug_macro   0x00000000000102c1       0x6d ./Core/Src/NTCtempSensor.o
 .debug_macro   0x000000000001032e     0x34a2 ./Core/Src/NTCtempSensor.o
 .debug_macro   0x00000000000137d0      0x174 ./Core/Src/NTCtempSensor.o
 .debug_macro   0x0000000000013944       0x5c ./Core/Src/NTCtempSensor.o
 .debug_macro   0x00000000000139a0      0x5bc ./Core/Src/NTCtempSensor.o
 .debug_macro   0x0000000000013f5c      0x289 ./Core/Src/NTCtempSensor.o
 .debug_macro   0x00000000000141e5      0x1cb ./Core/Src/NTCtempSensor.o
 .debug_macro   0x00000000000143b0      0x114 ./Core/Src/NTCtempSensor.o
 .debug_macro   0x00000000000144c4      0x1b2 ./Core/Src/NTCtempSensor.o
 .debug_macro   0x0000000000014676       0x27 ./Core/Src/NTCtempSensor.o
 .debug_macro   0x000000000001469d      0x136 ./Core/Src/NTCtempSensor.o
 .debug_macro   0x00000000000147d3      0x1bc ./Core/Src/NTCtempSensor.o
 .debug_macro   0x000000000001498f       0x34 ./Core/Src/NTCtempSensor.o
 .debug_macro   0x00000000000149c3       0x3c ./Core/Src/NTCtempSensor.o
 .debug_macro   0x00000000000149ff       0x57 ./Core/Src/NTCtempSensor.o
 .debug_macro   0x0000000000014a56      0x46a ./Core/Src/NTCtempSensor.o
 .debug_macro   0x0000000000014ec0      0x1b5 ./Core/Src/NTCtempSensor.o
 .debug_macro   0x0000000000015075       0x87 ./Core/Src/NTCtempSensor.o
 .debug_macro   0x00000000000150fc      0x240 ./Core/Src/NTCtempSensor.o
 .debug_macro   0x000000000001533c      0x287 ./Core/Src/NTCtempSensor.o
 .debug_macro   0x00000000000155c3      0x140 ./Core/Src/NTCtempSensor.o
 .debug_macro   0x0000000000015703      0x8ed ./Core/Src/NTCtempSensor.o
 .debug_macro   0x0000000000015ff0       0x83 ./Core/Src/NTCtempSensor.o
 .debug_macro   0x0000000000016073       0x61 ./Core/Src/NTCtempSensor.o
 .debug_macro   0x00000000000160d4       0x24 ./Core/Src/NTCtempSensor.o
 .debug_macro   0x00000000000160f8       0x43 ./Core/Src/NTCtempSensor.o
 .debug_macro   0x000000000001613b       0x34 ./Core/Src/NTCtempSensor.o
 .debug_macro   0x000000000001616f       0x16 ./Core/Src/NTCtempSensor.o
 .debug_macro   0x0000000000016185       0x43 ./Core/Src/NTCtempSensor.o
 .debug_macro   0x00000000000161c8       0x34 ./Core/Src/NTCtempSensor.o
 .debug_macro   0x00000000000161fc       0x10 ./Core/Src/NTCtempSensor.o
 .debug_macro   0x000000000001620c       0x58 ./Core/Src/NTCtempSensor.o
 .debug_macro   0x0000000000016264       0x8e ./Core/Src/NTCtempSensor.o
 .debug_macro   0x00000000000162f2       0x1c ./Core/Src/NTCtempSensor.o
 .debug_macro   0x000000000001630e      0x177 ./Core/Src/NTCtempSensor.o
 .debug_macro   0x0000000000016485      0x369 ./Core/Src/NTCtempSensor.o
 .debug_macro   0x00000000000167ee      0x19b ./Core/Src/NTCtempSensor.o
 .debug_macro   0x0000000000016989       0x1c ./Core/Src/NTCtempSensor.o
 .debug_macro   0x00000000000169a5       0x35 ./Core/Src/NTCtempSensor.o
 .debug_macro   0x00000000000169da       0x10 ./Core/Src/NTCtempSensor.o
 .debug_macro   0x00000000000169ea       0x1c ./Core/Src/NTCtempSensor.o
 .debug_macro   0x0000000000016a06       0x16 ./Core/Src/NTCtempSensor.o
 .debug_macro   0x0000000000016a1c      0x147 ./Core/Src/NTCtempSensor.o
 .debug_macro   0x0000000000016b63       0x10 ./Core/Src/NTCtempSensor.o
 .debug_macro   0x0000000000016b73      0x1d0 ./Core/Src/adc.o
 .debug_macro   0x0000000000016d43       0x34 ./Core/Src/adc.o
 .debug_macro   0x0000000000016d77      0x1d0 ./Core/Src/dma.o
 .debug_macro   0x0000000000016f47      0x1cf ./Core/Src/encoder.o
 .debug_macro   0x0000000000017116       0x16 ./Core/Src/encoder.o
 .debug_macro   0x000000000001712c       0x3a ./Core/Src/encoder.o
 .debug_macro   0x0000000000017166      0x1d0 ./Core/Src/gpio.o
 .debug_macro   0x0000000000017336      0x1d0 ./Core/Src/i2c.o
 .debug_macro   0x0000000000017506      0x1c6 ./Core/Src/liquidcrystal_i2c.o
 .debug_macro   0x00000000000176cc       0xd0 ./Core/Src/liquidcrystal_i2c.o
 .debug_macro   0x000000000001779c      0x346 ./Core/Src/main.o
 .debug_macro   0x0000000000017ae2       0xd6 ./Core/Src/main.o
 .debug_macro   0x0000000000017bb8       0x16 ./Core/Src/main.o
 .debug_macro   0x0000000000017bce       0x16 ./Core/Src/main.o
 .debug_macro   0x0000000000017be4       0x16 ./Core/Src/main.o
 .debug_macro   0x0000000000017bfa       0x16 ./Core/Src/main.o
 .debug_macro   0x0000000000017c10       0x29 ./Core/Src/main.o
 .debug_macro   0x0000000000017c39       0x1c ./Core/Src/main.o
 .debug_macro   0x0000000000017c55      0x2fb ./Core/Src/meun.o
 .debug_macro   0x0000000000017f50       0x16 ./Core/Src/meun.o
 .debug_macro   0x0000000000017f66      0x1c6 ./Core/Src/stm32f1xx_hal_msp.o
 .debug_macro   0x000000000001812c      0x1d0 ./Core/Src/stm32f1xx_it.o
 .debug_macro   0x00000000000182fc      0x1b7 ./Core/Src/system_stm32f1xx.o
 .debug_macro   0x00000000000184b3      0x1d0 ./Core/Src/tim.o
 .debug_macro   0x0000000000018683      0x1db ./Drivers/STM32F1xx_HAL_Driver/Src/stm32f1xx_hal.o
 .debug_macro   0x000000000001885e      0x1d4 ./Drivers/STM32F1xx_HAL_Driver/Src/stm32f1xx_hal_adc.o
 .debug_macro   0x0000000000018a32      0x1c9 ./Drivers/STM32F1xx_HAL_Driver/Src/stm32f1xx_hal_adc_ex.o
 .debug_macro   0x0000000000018bfb      0x1b7 ./Drivers/STM32F1xx_HAL_Driver/Src/stm32f1xx_hal_cortex.o
 .debug_macro   0x0000000000018db2      0x1b7 ./Drivers/STM32F1xx_HAL_Driver/Src/stm32f1xx_hal_dma.o
 .debug_macro   0x0000000000018f69      0x222 ./Drivers/STM32F1xx_HAL_Driver/Src/stm32f1xx_hal_gpio.o
 .debug_macro   0x000000000001918b      0x205 ./Drivers/STM32F1xx_HAL_Driver/Src/stm32f1xx_hal_i2c.o
 .debug_macro   0x0000000000019390      0x1c9 ./Drivers/STM32F1xx_HAL_Driver/Src/stm32f1xx_hal_rcc.o
 .debug_macro   0x0000000000019559      0x1b7 ./Drivers/STM32F1xx_HAL_Driver/Src/stm32f1xx_hal_rcc_ex.o
 .debug_macro   0x0000000000019710      0x1b8 ./Drivers/STM32F1xx_HAL_Driver/Src/stm32f1xx_hal_tim.o
 .debug_macro   0x00000000000198c8      0x1b7 ./Drivers/STM32F1xx_HAL_Driver/Src/stm32f1xx_hal_tim_ex.o

.debug_line     0x0000000000000000    0x15ba8
 .debug_line    0x0000000000000000      0x964 ./Core/Src/NTCtempSensor.o
 .debug_line    0x0000000000000964      0x7ee ./Core/Src/adc.o
 .debug_line    0x0000000000001152      0x730 ./Core/Src/dma.o
 .debug_line    0x0000000000001882      0x7a2 ./Core/Src/encoder.o
 .debug_line    0x0000000000002024      0x74d ./Core/Src/gpio.o
 .debug_line    0x0000000000002771      0x79b ./Core/Src/i2c.o
 .debug_line    0x0000000000002f0c      0xaff ./Core/Src/liquidcrystal_i2c.o
 .debug_line    0x0000000000003a0b      0xa14 ./Core/Src/main.o
 .debug_line    0x000000000000441f      0x9e9 ./Core/Src/meun.o
 .debug_line    0x0000000000004e08      0x736 ./Core/Src/stm32f1xx_hal_msp.o
 .debug_line    0x000000000000553e      0x83f ./Core/Src/stm32f1xx_it.o
 .debug_line    0x0000000000005d7d      0x7b3 ./Core/Src/system_stm32f1xx.o
 .debug_line    0x0000000000006530      0x908 ./Core/Src/tim.o
 .debug_line    0x0000000000006e38       0x78 ./Core/Startup/startup_stm32f103c8tx.o
 .debug_line    0x0000000000006eb0      0x9e0 ./Drivers/STM32F1xx_HAL_Driver/Src/stm32f1xx_hal.o
 .debug_line    0x0000000000007890     0x105d ./Drivers/STM32F1xx_HAL_Driver/Src/stm32f1xx_hal_adc.o
 .debug_line    0x00000000000088ed      0xd97 ./Drivers/STM32F1xx_HAL_Driver/Src/stm32f1xx_hal_adc_ex.o
 .debug_line    0x0000000000009684      0xbc8 ./Drivers/STM32F1xx_HAL_Driver/Src/stm32f1xx_hal_cortex.o
 .debug_line    0x000000000000a24c      0xe39 ./Drivers/STM32F1xx_HAL_Driver/Src/stm32f1xx_hal_dma.o
 .debug_line    0x000000000000b085      0xa79 ./Drivers/STM32F1xx_HAL_Driver/Src/stm32f1xx_hal_gpio.o
 .debug_line    0x000000000000bafe     0x3b87 ./Drivers/STM32F1xx_HAL_Driver/Src/stm32f1xx_hal_i2c.o
 .debug_line    0x000000000000f685      0xde9 ./Drivers/STM32F1xx_HAL_Driver/Src/stm32f1xx_hal_rcc.o
 .debug_line    0x000000000001046e      0x924 ./Drivers/STM32F1xx_HAL_Driver/Src/stm32f1xx_hal_rcc_ex.o
 .debug_line    0x0000000000010d92     0x34e7 ./Drivers/STM32F1xx_HAL_Driver/Src/stm32f1xx_hal_tim.o
 .debug_line    0x0000000000014279     0x192f ./Drivers/STM32F1xx_HAL_Driver/Src/stm32f1xx_hal_tim_ex.o

.debug_str      0x0000000000000000    0x9081c
 .debug_str     0x0000000000000000    0x8bbe6 ./Core/Src/NTCtempSensor.o
                                      0x8c007 (size before relaxing)
 .debug_str     0x000000000008bbe6      0x5dd ./Core/Src/adc.o
                                      0x88628 (size before relaxing)
 .debug_str     0x000000000008c1c3       0x29 ./Core/Src/dma.o
                                      0x880b9 (size before relaxing)
 .debug_str     0x000000000008c1ec      0x12a ./Core/Src/encoder.o
                                      0x87ee8 (size before relaxing)
 .debug_str     0x000000000008c316       0x68 ./Core/Src/gpio.o
                                      0x87e5b (size before relaxing)
 .debug_str     0x000000000008c37e      0x2de ./Core/Src/i2c.o
                                      0x88343 (size before relaxing)
 .debug_str     0x000000000008c65c      0x64d ./Core/Src/liquidcrystal_i2c.o
                                      0x887c9 (size before relaxing)
 .debug_str     0x000000000008cca9      0x71f ./Core/Src/main.o
                                      0x8cc29 (size before relaxing)
 .debug_str     0x000000000008d3c8       0x94 ./Core/Src/meun.o
                                      0x8bacc (size before relaxing)
 .debug_str     0x000000000008d45c       0x2c ./Core/Src/stm32f1xx_hal_msp.o
                                      0x87de3 (size before relaxing)
 .debug_str     0x000000000008d488      0x12b ./Core/Src/stm32f1xx_it.o
                                      0x88477 (size before relaxing)
 .debug_str     0x000000000008d5b3       0x6e ./Core/Src/system_stm32f1xx.o
                                      0x87d58 (size before relaxing)
 .debug_str     0x000000000008d621      0x2ff ./Core/Src/tim.o
                                      0x8896a (size before relaxing)
 .debug_str     0x000000000008d920       0x34 ./Core/Startup/startup_stm32f103c8tx.o
                                         0x7d (size before relaxing)
 .debug_str     0x000000000008d954      0x37f ./Drivers/STM32F1xx_HAL_Driver/Src/stm32f1xx_hal.o
                                      0x8848b (size before relaxing)
 .debug_str     0x000000000008dcd3      0x373 ./Drivers/STM32F1xx_HAL_Driver/Src/stm32f1xx_hal_adc.o
                                      0x8843c (size before relaxing)
 .debug_str     0x000000000008e046      0x1f1 ./Drivers/STM32F1xx_HAL_Driver/Src/stm32f1xx_hal_adc_ex.o
                                      0x8840c (size before relaxing)
 .debug_str     0x000000000008e237      0x28a ./Drivers/STM32F1xx_HAL_Driver/Src/stm32f1xx_hal_cortex.o
                                      0x883d7 (size before relaxing)
 .debug_str     0x000000000008e4c1      0x1e2 ./Drivers/STM32F1xx_HAL_Driver/Src/stm32f1xx_hal_dma.o
                                      0x88101 (size before relaxing)
 .debug_str     0x000000000008e6a3      0x2ce ./Drivers/STM32F1xx_HAL_Driver/Src/stm32f1xx_hal_gpio.o
                                      0x880de (size before relaxing)
 .debug_str     0x000000000008e971      0xb8f ./Drivers/STM32F1xx_HAL_Driver/Src/stm32f1xx_hal_i2c.o
                                      0x88e1f (size before relaxing)
 .debug_str     0x000000000008f500      0x209 ./Drivers/STM32F1xx_HAL_Driver/Src/stm32f1xx_hal_rcc.o
                                      0x88187 (size before relaxing)
 .debug_str     0x000000000008f709       0x84 ./Drivers/STM32F1xx_HAL_Driver/Src/stm32f1xx_hal_rcc_ex.o
                                      0x87ed7 (size before relaxing)
 .debug_str     0x000000000008f78d      0xbfc ./Drivers/STM32F1xx_HAL_Driver/Src/stm32f1xx_hal_tim.o
                                      0x89189 (size before relaxing)
 .debug_str     0x0000000000090389      0x493 ./Drivers/STM32F1xx_HAL_Driver/Src/stm32f1xx_hal_tim_ex.o
                                      0x88995 (size before relaxing)

.debug_frame    0x0000000000000000     0x458c
 .debug_frame   0x0000000000000000       0x8c ./Core/Src/NTCtempSensor.o
 .debug_frame   0x000000000000008c       0x7c ./Core/Src/adc.o
 .debug_frame   0x0000000000000108       0x34 ./Core/Src/dma.o
 .debug_frame   0x000000000000013c       0x60 ./Core/Src/encoder.o
 .debug_frame   0x000000000000019c       0x34 ./Core/Src/gpio.o
 .debug_frame   0x00000000000001d0       0x74 ./Core/Src/i2c.o
 .debug_frame   0x0000000000000244      0x3f0 ./Core/Src/liquidcrystal_i2c.o
 .debug_frame   0x0000000000000634       0x90 ./Core/Src/main.o
 .debug_frame   0x00000000000006c4       0xe8 ./Core/Src/meun.o
 .debug_frame   0x00000000000007ac       0x38 ./Core/Src/stm32f1xx_hal_msp.o
 .debug_frame   0x00000000000007e4      0x158 ./Core/Src/stm32f1xx_it.o
 .debug_frame   0x000000000000093c       0x58 ./Core/Src/system_stm32f1xx.o
 .debug_frame   0x0000000000000994      0x180 ./Core/Src/tim.o
 .debug_frame   0x0000000000000b14      0x334 ./Drivers/STM32F1xx_HAL_Driver/Src/stm32f1xx_hal.o
 .debug_frame   0x0000000000000e48      0x40c ./Drivers/STM32F1xx_HAL_Driver/Src/stm32f1xx_hal_adc.o
 .debug_frame   0x0000000000001254      0x200 ./Drivers/STM32F1xx_HAL_Driver/Src/stm32f1xx_hal_adc_ex.o
 .debug_frame   0x0000000000001454      0x428 ./Drivers/STM32F1xx_HAL_Driver/Src/stm32f1xx_hal_cortex.o
 .debug_frame   0x000000000000187c      0x208 ./Drivers/STM32F1xx_HAL_Driver/Src/stm32f1xx_hal_dma.o
 .debug_frame   0x0000000000001a84      0x14c ./Drivers/STM32F1xx_HAL_Driver/Src/stm32f1xx_hal_gpio.o
 .debug_frame   0x0000000000001bd0      0xc84 ./Drivers/STM32F1xx_HAL_Driver/Src/stm32f1xx_hal_i2c.o
 .debug_frame   0x0000000000002854      0x218 ./Drivers/STM32F1xx_HAL_Driver/Src/stm32f1xx_hal_rcc.o
 .debug_frame   0x0000000000002a6c       0x80 ./Drivers/STM32F1xx_HAL_Driver/Src/stm32f1xx_hal_rcc_ex.o
 .debug_frame   0x0000000000002aec     0x11b8 ./Drivers/STM32F1xx_HAL_Driver/Src/stm32f1xx_hal_tim.o
 .debug_frame   0x0000000000003ca4      0x638 ./Drivers/STM32F1xx_HAL_Driver/Src/stm32f1xx_hal_tim_ex.o
 .debug_frame   0x00000000000042dc       0x38 C:/ST/STM32CubeIDE_1.14.1/STM32CubeIDE/plugins/com.st.stm32cube.ide.mcu.externaltools.gnu-tools-for-stm32.11.3.rel1.win32_1.1.100.202309141235/tools/bin/../lib/gcc/arm-none-eabi/11.3.1/../../../../arm-none-eabi/lib/thumb/v7-m/nofp\libc_nano.a(libc_a-itoa.o)
 .debug_frame   0x0000000000004314       0x48 C:/ST/STM32CubeIDE_1.14.1/STM32CubeIDE/plugins/com.st.stm32cube.ide.mcu.externaltools.gnu-tools-for-stm32.11.3.rel1.win32_1.1.100.202309141235/tools/bin/../lib/gcc/arm-none-eabi/11.3.1/../../../../arm-none-eabi/lib/thumb/v7-m/nofp\libc_nano.a(libc_a-utoa.o)
 .debug_frame   0x000000000000435c       0x20 C:/ST/STM32CubeIDE_1.14.1/STM32CubeIDE/plugins/com.st.stm32cube.ide.mcu.externaltools.gnu-tools-for-stm32.11.3.rel1.win32_1.1.100.202309141235/tools/bin/../lib/gcc/arm-none-eabi/11.3.1/../../../../arm-none-eabi/lib/thumb/v7-m/nofp\libc_nano.a(libc_a-memset.o)
 .debug_frame   0x000000000000437c       0x2c C:/ST/STM32CubeIDE_1.14.1/STM32CubeIDE/plugins/com.st.stm32cube.ide.mcu.externaltools.gnu-tools-for-stm32.11.3.rel1.win32_1.1.100.202309141235/tools/bin/../lib/gcc/arm-none-eabi/11.3.1/../../../../arm-none-eabi/lib/thumb/v7-m/nofp\libc_nano.a(libc_a-init.o)
 .debug_frame   0x00000000000043a8       0xac C:/ST/STM32CubeIDE_1.14.1/STM32CubeIDE/plugins/com.st.stm32cube.ide.mcu.externaltools.gnu-tools-for-stm32.11.3.rel1.win32_1.1.100.202309141235/tools/bin/../lib/gcc/arm-none-eabi/11.3.1/thumb/v7-m/nofp\libgcc.a(_arm_addsubdf3.o)
 .debug_frame   0x0000000000004454       0x50 C:/ST/STM32CubeIDE_1.14.1/STM32CubeIDE/plugins/com.st.stm32cube.ide.mcu.externaltools.gnu-tools-for-stm32.11.3.rel1.win32_1.1.100.202309141235/tools/bin/../lib/gcc/arm-none-eabi/11.3.1/thumb/v7-m/nofp\libgcc.a(_arm_muldivdf3.o)
 .debug_frame   0x00000000000044a4       0xc4 C:/ST/STM32CubeIDE_1.14.1/STM32CubeIDE/plugins/com.st.stm32cube.ide.mcu.externaltools.gnu-tools-for-stm32.11.3.rel1.win32_1.1.100.202309141235/tools/bin/../lib/gcc/arm-none-eabi/11.3.1/thumb/v7-m/nofp\libgcc.a(_arm_cmpdf2.o)
 .debug_frame   0x0000000000004568       0x24 C:/ST/STM32CubeIDE_1.14.1/STM32CubeIDE/plugins/com.st.stm32cube.ide.mcu.externaltools.gnu-tools-for-stm32.11.3.rel1.win32_1.1.100.202309141235/tools/bin/../lib/gcc/arm-none-eabi/11.3.1/thumb/v7-m/nofp\libgcc.a(_arm_truncdfsf2.o)

.debug_line_str
                0x0000000000000000       0x71
 .debug_line_str
                0x0000000000000000       0x71 ./Core/Startup/startup_stm32f103c8tx.o
                                         0x89 (size before relaxing)
