../Core/Src/liquidcrystal_i2c.c:26:6:HD44780_Init	16	static
../Core/Src/liquidcrystal_i2c.c:77:6:HD44780_Clear	8	static
../Core/Src/liquidcrystal_i2c.c:82:6:HD44780_Home	8	static
../Core/Src/liquidcrystal_i2c.c:87:6:HD44780_SetCursor	40	static
../Core/Src/liquidcrystal_i2c.c:95:6:HD44780_NoDisplay	8	static
../Core/Src/liquidcrystal_i2c.c:100:6:HD44780_Display	8	static
../Core/Src/liquidcrystal_i2c.c:105:6:HD44780_NoCursor	8	static
../Core/Src/liquidcrystal_i2c.c:110:6:HD44780_Cursor	8	static
../Core/Src/liquidcrystal_i2c.c:115:6:HD44780_NoBlink	8	static
../Core/Src/liquidcrystal_i2c.c:120:6:HD44780_Blink	8	static
../Core/Src/liquidcrystal_i2c.c:125:6:HD44780_ScrollDisplayLeft	8	static
../Core/Src/liquidcrystal_i2c.c:129:6:HD44780_ScrollDisplayRight	8	static
../Core/Src/liquidcrystal_i2c.c:133:6:HD44780_LeftToRight	8	static
../Core/Src/liquidcrystal_i2c.c:138:6:HD44780_RightToLeft	8	static
../Core/Src/liquidcrystal_i2c.c:143:6:HD44780_AutoScroll	8	static
../Core/Src/liquidcrystal_i2c.c:148:6:HD44780_NoAutoScroll	8	static
../Core/Src/liquidcrystal_i2c.c:153:6:HD44780_CreateSpecialChar	24	static
../Core/Src/liquidcrystal_i2c.c:161:6:HD44780_PrintSpecialChar	16	static
../Core/Src/liquidcrystal_i2c.c:165:6:HD44780_LoadCustomCharacter	16	static
../Core/Src/liquidcrystal_i2c.c:169:6:HD44780_PrintStr	16	static
../Core/Src/liquidcrystal_i2c.c:174:6:HD44780_SetBacklight	16	static
../Core/Src/liquidcrystal_i2c.c:181:6:HD44780_NoBacklight	8	static
../Core/Src/liquidcrystal_i2c.c:186:6:HD44780_Backlight	8	static
../Core/Src/liquidcrystal_i2c.c:191:13:SendCommand	16	static
../Core/Src/liquidcrystal_i2c.c:195:13:SendChar	16	static
../Core/Src/liquidcrystal_i2c.c:199:13:Send	24	static
../Core/Src/liquidcrystal_i2c.c:206:13:Write4Bits	16	static
../Core/Src/liquidcrystal_i2c.c:211:13:ExpanderWrite	32	static
../Core/Src/liquidcrystal_i2c.c:216:13:PulseEnable	16	static
../Core/Src/liquidcrystal_i2c.c:224:13:DelayInit	4	static,ignoring_inline_asm
../Core/Src/liquidcrystal_i2c.c:239:13:DelayUS	32	static
